Archive member included to satisfy reference by file (symbol)

C:/ST/STM32CubeIDE_1.16.1/STM32CubeIDE/plugins/com.st.stm32cube.ide.mcu.externaltools.gnu-tools-for-stm32.12.3.rel1.win32_1.0.200.202406191623/tools/bin/../lib/gcc/arm-none-eabi/12.3.1/../../../../arm-none-eabi/lib/thumb/v7e-m+fp/hard\libc_nano.a(libc_a-exit.o)
                              C:/ST/STM32CubeIDE_1.16.1/STM32CubeIDE/plugins/com.st.stm32cube.ide.mcu.externaltools.gnu-tools-for-stm32.12.3.rel1.win32_1.0.200.202406191623/tools/bin/../lib/gcc/arm-none-eabi/12.3.1/../../../../arm-none-eabi/lib/thumb/v7e-m+fp/hard/crt0.o (exit)
C:/ST/STM32CubeIDE_1.16.1/STM32CubeIDE/plugins/com.st.stm32cube.ide.mcu.externaltools.gnu-tools-for-stm32.12.3.rel1.win32_1.0.200.202406191623/tools/bin/../lib/gcc/arm-none-eabi/12.3.1/../../../../arm-none-eabi/lib/thumb/v7e-m+fp/hard\libc_nano.a(libc_a-malloc.o)
                              ./Middlewares/ST/STM32_USB_Host_Library/Class/CDC/Src/usbh_cdc.o (malloc)
C:/ST/STM32CubeIDE_1.16.1/STM32CubeIDE/plugins/com.st.stm32cube.ide.mcu.externaltools.gnu-tools-for-stm32.12.3.rel1.win32_1.0.200.202406191623/tools/bin/../lib/gcc/arm-none-eabi/12.3.1/../../../../arm-none-eabi/lib/thumb/v7e-m+fp/hard\libc_nano.a(libc_a-mallocr.o)
                              C:/ST/STM32CubeIDE_1.16.1/STM32CubeIDE/plugins/com.st.stm32cube.ide.mcu.externaltools.gnu-tools-for-stm32.12.3.rel1.win32_1.0.200.202406191623/tools/bin/../lib/gcc/arm-none-eabi/12.3.1/../../../../arm-none-eabi/lib/thumb/v7e-m+fp/hard\libc_nano.a(libc_a-malloc.o) (_malloc_r)
C:/ST/STM32CubeIDE_1.16.1/STM32CubeIDE/plugins/com.st.stm32cube.ide.mcu.externaltools.gnu-tools-for-stm32.12.3.rel1.win32_1.0.200.202406191623/tools/bin/../lib/gcc/arm-none-eabi/12.3.1/../../../../arm-none-eabi/lib/thumb/v7e-m+fp/hard\libc_nano.a(libc_a-mlock.o)
                              C:/ST/STM32CubeIDE_1.16.1/STM32CubeIDE/plugins/com.st.stm32cube.ide.mcu.externaltools.gnu-tools-for-stm32.12.3.rel1.win32_1.0.200.202406191623/tools/bin/../lib/gcc/arm-none-eabi/12.3.1/../../../../arm-none-eabi/lib/thumb/v7e-m+fp/hard\libc_nano.a(libc_a-mallocr.o) (__malloc_lock)
C:/ST/STM32CubeIDE_1.16.1/STM32CubeIDE/plugins/com.st.stm32cube.ide.mcu.externaltools.gnu-tools-for-stm32.12.3.rel1.win32_1.0.200.202406191623/tools/bin/../lib/gcc/arm-none-eabi/12.3.1/../../../../arm-none-eabi/lib/thumb/v7e-m+fp/hard\libc_nano.a(libc_a-nano-vfprintf_float.o)
                              (_printf_float)
C:/ST/STM32CubeIDE_1.16.1/STM32CubeIDE/plugins/com.st.stm32cube.ide.mcu.externaltools.gnu-tools-for-stm32.12.3.rel1.win32_1.0.200.202406191623/tools/bin/../lib/gcc/arm-none-eabi/12.3.1/../../../../arm-none-eabi/lib/thumb/v7e-m+fp/hard\libc_nano.a(libc_a-nano-vfprintf_i.o)
                              C:/ST/STM32CubeIDE_1.16.1/STM32CubeIDE/plugins/com.st.stm32cube.ide.mcu.externaltools.gnu-tools-for-stm32.12.3.rel1.win32_1.0.200.202406191623/tools/bin/../lib/gcc/arm-none-eabi/12.3.1/../../../../arm-none-eabi/lib/thumb/v7e-m+fp/hard\libc_nano.a(libc_a-nano-vfprintf_float.o) (_printf_common)
C:/ST/STM32CubeIDE_1.16.1/STM32CubeIDE/plugins/com.st.stm32cube.ide.mcu.externaltools.gnu-tools-for-stm32.12.3.rel1.win32_1.0.200.202406191623/tools/bin/../lib/gcc/arm-none-eabi/12.3.1/../../../../arm-none-eabi/lib/thumb/v7e-m+fp/hard\libc_nano.a(libc_a-findfp.o)
                              C:/ST/STM32CubeIDE_1.16.1/STM32CubeIDE/plugins/com.st.stm32cube.ide.mcu.externaltools.gnu-tools-for-stm32.12.3.rel1.win32_1.0.200.202406191623/tools/bin/../lib/gcc/arm-none-eabi/12.3.1/../../../../arm-none-eabi/lib/thumb/v7e-m+fp/hard\libc_nano.a(libc_a-exit.o) (__stdio_exit_handler)
C:/ST/STM32CubeIDE_1.16.1/STM32CubeIDE/plugins/com.st.stm32cube.ide.mcu.externaltools.gnu-tools-for-stm32.12.3.rel1.win32_1.0.200.202406191623/tools/bin/../lib/gcc/arm-none-eabi/12.3.1/../../../../arm-none-eabi/lib/thumb/v7e-m+fp/hard\libc_nano.a(libc_a-fwalk.o)
                              C:/ST/STM32CubeIDE_1.16.1/STM32CubeIDE/plugins/com.st.stm32cube.ide.mcu.externaltools.gnu-tools-for-stm32.12.3.rel1.win32_1.0.200.202406191623/tools/bin/../lib/gcc/arm-none-eabi/12.3.1/../../../../arm-none-eabi/lib/thumb/v7e-m+fp/hard\libc_nano.a(libc_a-findfp.o) (_fwalk_sglue)
C:/ST/STM32CubeIDE_1.16.1/STM32CubeIDE/plugins/com.st.stm32cube.ide.mcu.externaltools.gnu-tools-for-stm32.12.3.rel1.win32_1.0.200.202406191623/tools/bin/../lib/gcc/arm-none-eabi/12.3.1/../../../../arm-none-eabi/lib/thumb/v7e-m+fp/hard\libc_nano.a(libc_a-printf.o)
                              ./Core/Src/main.o (printf)
C:/ST/STM32CubeIDE_1.16.1/STM32CubeIDE/plugins/com.st.stm32cube.ide.mcu.externaltools.gnu-tools-for-stm32.12.3.rel1.win32_1.0.200.202406191623/tools/bin/../lib/gcc/arm-none-eabi/12.3.1/../../../../arm-none-eabi/lib/thumb/v7e-m+fp/hard\libc_nano.a(libc_a-puts.o)
                              ./Core/Src/main.o (puts)
[...]
Memory Configuration

Name             Origin             Length             Attributes
RAM              0x20000000         0x00020000         xrw
FLASH            0x08000000         0x00080000         xr
*default*        0x00000000         0xffffffff

Linker script and memory map

LOAD C:/ST/STM32CubeIDE_1.16.1/STM32CubeIDE/plugins/com.st.stm32cube.ide.mcu.externaltools.gnu-tools-for-stm32.12.3.rel1.win32_1.0.200.202406191623/tools/bin/../lib/gcc/arm-none-eabi/12.3.1/thumb/v7e-m+fp/hard/crti.o
LOAD C:/ST/STM32CubeIDE_1.16.1/STM32CubeIDE/plugins/com.st.stm32cube.ide.mcu.externaltools.gnu-tools-for-stm32.12.3.rel1.win32_1.0.200.202406191623/tools/bin/../lib/gcc/arm-none-eabi/12.3.1/thumb/v7e-m+fp/hard/crtbegin.o
LOAD C:/ST/STM32CubeIDE_1.16.1/STM32CubeIDE/plugins/com.st.stm32cube.ide.mcu.externaltools.gnu-tools-for-stm32.12.3.rel1.win32_1.0.200.202406191623/tools/bin/../lib/gcc/arm-none-eabi/12.3.1/../../../../arm-none-eabi/lib/thumb/v7e-m+fp/hard/crt0.o
LOAD ./Core/Src/DallasTemperature.o
LOAD ./Core/Src/OneWire.o
LOAD ./Core/Src/SX1278.o
LOAD ./Core/Src/SX1278_hw.o
LOAD ./Core/Src/dma.o
LOAD ./Core/Src/gpio.o
LOAD ./Core/Src/i2c.o
LOAD ./Core/Src/i2s.o
LOAD ./Core/Src/main.o
LOAD ./Core/Src/spi.o
LOAD ./Core/Src/stm32f4xx_hal_msp.o
LOAD ./Core/Src/stm32f4xx_it.o
LOAD ./Core/Src/syscalls.o
LOAD ./Core/Src/sysmem.o
LOAD ./Core/Src/system_stm32f4xx.o
LOAD ./Core/Src/usart.o
LOAD ./Core/Startup/startup_stm32f411vetx.o
LOAD ./Drivers/STM32F4xx_HAL_Driver/Src/stm32f4xx_hal.o
LOAD ./Drivers/STM32F4xx_HAL_Driver/Src/stm32f4xx_hal_cortex.o
LOAD ./Drivers/STM32F4xx_HAL_Driver/Src/stm32f4xx_hal_dma.o
LOAD ./Drivers/STM32F4xx_HAL_Driver/Src/stm32f4xx_hal_dma_ex.o
LOAD ./Drivers/STM32F4xx_HAL_Driver/Src/stm32f4xx_hal_exti.o
LOAD ./Drivers/STM32F4xx_HAL_Driver/Src/stm32f4xx_hal_flash.o
LOAD ./Drivers/STM32F4xx_HAL_Driver/Src/stm32f4xx_hal_flash_ex.o
LOAD ./Drivers/STM32F4xx_HAL_Driver/Src/stm32f4xx_hal_flash_ramfunc.o
LOAD ./Drivers/STM32F4xx_HAL_Driver/Src/stm32f4xx_hal_gpio.o
LOAD ./Drivers/STM32F4xx_HAL_Driver/Src/stm32f4xx_hal_hcd.o
LOAD ./Drivers/STM32F4xx_HAL_Driver/Src/stm32f4xx_hal_i2c.o
LOAD ./Drivers/STM32F4xx_HAL_Driver/Src/stm32f4xx_hal_i2c_ex.o
LOAD ./Drivers/STM32F4xx_HAL_Driver/Src/stm32f4xx_hal_i2s.o
LOAD ./Drivers/STM32F4xx_HAL_Driver/Src/stm32f4xx_hal_i2s_ex.o
LOAD ./Drivers/STM32F4xx_HAL_Driver/Src/stm32f4xx_hal_pwr.o
LOAD ./Drivers/STM32F4xx_HAL_Driver/Src/stm32f4xx_hal_pwr_ex.o
LOAD ./Drivers/STM32F4xx_HAL_Driver/Src/stm32f4xx_hal_rcc.o
LOAD ./Drivers/STM32F4xx_HAL_Driver/Src/stm32f4xx_hal_rcc_ex.o
LOAD ./Drivers/STM32F4xx_HAL_Driver/Src/stm32f4xx_hal_spi.o
LOAD ./Drivers/STM32F4xx_HAL_Driver/Src/stm32f4xx_hal_tim.o
LOAD ./Drivers/STM32F4xx_HAL_Driver/Src/stm32f4xx_hal_tim_ex.o
LOAD ./Drivers/STM32F4xx_HAL_Driver/Src/stm32f4xx_hal_uart.o
LOAD ./Drivers/STM32F4xx_HAL_Driver/Src/stm32f4xx_ll_usb.o
LOAD ./Middlewares/ST/STM32_USB_Host_Library/Class/CDC/Src/usbh_cdc.o
LOAD ./Middlewares/ST/STM32_USB_Host_Library/Core/Src/usbh_core.o
LOAD ./Middlewares/ST/STM32_USB_Host_Library/Core/Src/usbh_ctlreq.o
LOAD ./Middlewares/ST/STM32_USB_Host_Library/Core/Src/usbh_ioreq.o
LOAD ./Middlewares/ST/STM32_USB_Host_Library/Core/Src/usbh_pipes.o
LOAD ./USB_HOST/App/usb_host.o
LOAD ./USB_HOST/Target/usbh_conf.o
LOAD ./USB_HOST/Target/usbh_platform.o
START GROUP
LOAD C:/ST/STM32CubeIDE_1.16.1/STM32CubeIDE/plugins/com.st.stm32cube.ide.mcu.externaltools.gnu-tools-for-stm32.12.3.rel1.win32_1.0.200.202406191623/tools/bin/../lib/gcc/arm-none-eabi/12.3.1/../../../../arm-none-eabi/lib/thumb/v7e-m+fp/hard\libc_nano.a
LOAD C:/ST/STM32CubeIDE_1.16.1/STM32CubeIDE/plugins/com.st.stm32cube.ide.mcu.externaltools.gnu-tools-for-stm32.12.3.rel1.win32_1.0.200.202406191623/tools/bin/../lib/gcc/arm-none-eabi/12.3.1/../../../../arm-none-eabi/lib/thumb/v7e-m+fp/hard\libm.a
END GROUP
START GROUP
LOAD C:/ST/STM32CubeIDE_1.16.1/STM32CubeIDE/plugins/com.st.stm32cube.ide.mcu.externaltools.gnu-tools-for-stm32.12.3.rel1.win32_1.0.200.202406191623/tools/bin/../lib/gcc/arm-none-eabi/12.3.1/thumb/v7e-m+fp/hard\libgcc.a
LOAD C:/ST/STM32CubeIDE_1.16.1/STM32CubeIDE/plugins/com.st.stm32cube.ide.mcu.externaltools.gnu-tools-for-stm32.12.3.rel1.win32_1.0.200.202406191623/tools/bin/../lib/gcc/arm-none-eabi/12.3.1/../../../../arm-none-eabi/lib/thumb/v7e-m+fp/hard\libc_nano.a
END GROUP
START GROUP
LOAD C:/ST/STM32CubeIDE_1.16.1/STM32CubeIDE/plugins/com.st.stm32cube.ide.mcu.externaltools.gnu-tools-for-stm32.12.3.rel1.win32_1.0.200.202406191623/tools/bin/../lib/gcc/arm-none-eabi/12.3.1/thumb/v7e-m+fp/hard\libgcc.a
LOAD C:/ST/STM32CubeIDE_1.16.1/STM32CubeIDE/plugins/com.st.stm32cube.ide.mcu.externaltools.gnu-tools-for-stm32.12.3.rel1.win32_1.0.200.202406191623/tools/bin/../lib/gcc/arm-none-eabi/12.3.1/../../../../arm-none-eabi/lib/thumb/v7e-m+fp/hard\libc_nano.a
LOAD C:/ST/STM32CubeIDE_1.16.1/STM32CubeIDE/plugins/com.st.stm32cube.ide.mcu.externaltools.gnu-tools-for-stm32.12.3.rel1.win32_1.0.200.202406191623/tools/bin/../lib/gcc/arm-none-eabi/12.3.1/../../../../arm-none-eabi/lib/thumb/v7e-m+fp/hard\libnosys.a
END GROUP
START GROUP
LOAD C:/ST/STM32CubeIDE_1.16.1/STM32CubeIDE/plugins/com.st.stm32cube.ide.mcu.externaltools.gnu-tools-for-stm32.12.3.rel1.win32_1.0.200.202406191623/tools/bin/../lib/gcc/arm-none-eabi/12.3.1/thumb/v7e-m+fp/hard\libgcc.a
LOAD C:/ST/STM32CubeIDE_1.16.1/STM32CubeIDE/plugins/com.st.stm32cube.ide.mcu.externaltools.gnu-tools-for-stm32.12.3.rel1.win32_1.0.200.202406191623/tools/bin/../lib/gcc/arm-none-eabi/12.3.1/../../../../arm-none-eabi/lib/thumb/v7e-m+fp/hard\libc_nano.a
LOAD C:/ST/STM32CubeIDE_1.16.1/STM32CubeIDE/plugins/com.st.stm32cube.ide.mcu.externaltools.gnu-tools-for-stm32.12.3.rel1.win32_1.0.200.202406191623/tools/bin/../lib/gcc/arm-none-eabi/12.3.1/../../../../arm-none-eabi/lib/thumb/v7e-m+fp/hard\libnosys.a
END GROUP
LOAD C:/ST/STM32CubeIDE_1.16.1/STM32CubeIDE/plugins/com.st.stm32cube.ide.mcu.externaltools.gnu-tools-for-stm32.12.3.rel1.win32_1.0.200.202406191623/tools/bin/../lib/gcc/arm-none-eabi/12.3.1/thumb/v7e-m+fp/hard/crtend.o
LOAD C:/ST/STM32CubeIDE_1.16.1/STM32CubeIDE/plugins/com.st.stm32cube.ide.mcu.externaltools.gnu-tools-for-stm32.12.3.rel1.win32_1.0.200.202406191623/tools/bin/../lib/gcc/arm-none-eabi/12.3.1/thumb/v7e-m+fp/hard/crtn.o
                0x20020000                        _estack = (ORIGIN (RAM) + LENGTH (RAM))
                0x00000200                        _Min_Heap_Size = 0x200
                0x00000400                        _Min_Stack_Size = 0x400

.isr_vector     0x08000000      0x198
                0x08000000                        . = ALIGN (0x4)
 *(.isr_vector)
 .isr_vector    0x08000000      0x198 ./Core/Startup/startup_stm32f411vetx.o
                0x08000000                g_pfnVectors
                0x08000198                        . = ALIGN (0x4)

.text           0x080001a0    0x114ec
                0x080001a0                        . = ALIGN (0x4)
 *(.text)
 .text          0x080001a0       0x40 C:/ST/STM32CubeIDE_1.16.1/STM32CubeIDE/plugins/com.st.stm32cube.ide.mcu.externaltools.gnu-tools-for-stm32.12.3.rel1.win32_1.0.200.202406191623/tools/bin/../lib/gcc/arm-none-eabi/12.3.1/thumb/v7e-m+fp/hard/crtbegin.o
 .text          0x080001e0       0xa0 C:/ST/STM32CubeIDE_1.16.1/STM32CubeIDE/plugins/com.st.stm32cube.ide.mcu.externaltools.gnu-tools-for-stm32.12.3.rel1.win32_1.0.200.202406191623/tools/bin/../lib/gcc/arm-none-eabi/12.3.1/../../../../arm-none-eabi/lib/thumb/v7e-m+fp/hard\libc_nano.a(libc_a-memchr.o)
                0x080001e0                memchr
 .text          0x08000280       0x10 C:/ST/STM32CubeIDE_1.16.1/STM32CubeIDE/plugins/com.st.stm32cube.ide.mcu.externaltools.gnu-tools-for-stm32.12.3.rel1.win32_1.0.200.202406191623/tools/bin/../lib/gcc/arm-none-eabi/12.3.1/../../../../arm-none-eabi/lib/thumb/v7e-m+fp/hard\libc_nano.a(libc_a-strlen.o)
                0x08000280                strlen
 .text          0x08000290      0x378 C:/ST/STM32CubeIDE_1.16.1/STM32CubeIDE/plugins/com.st.stm32cube.ide.mcu.externaltools.gnu-tools-for-stm32.12.3.rel1.win32_1.0.200.202406191623/tools/bin/../lib/gcc/arm-none-eabi/12.3.1/thumb/v7e-m+fp/hard\libgcc.a(_arm_addsubdf3.o)
                0x08000290                __aeabi_drsub
                0x08000298                __aeabi_dsub
                0x08000298                __subdf3
                0x0800029c                __aeabi_dadd
                0x0800029c                __adddf3
                0x08000514                __floatunsidf
                0x08000514                __aeabi_ui2d
                0x08000534                __floatsidf
                0x08000534                __aeabi_i2d
                0x08000558                __aeabi_f2d
                0x08000558                __extendsfdf2
                0x0800059c                __floatundidf
                0x0800059c                __aeabi_ul2d
                0x080005ac                __floatdidf
                0x080005ac                __aeabi_l2d
 .text          0x08000608      0x424 C:/ST/STM32CubeIDE_1.16.1/STM32CubeIDE/plugins/com.st.stm32cube.ide.mcu.externaltools.gnu-tools-for-stm32.12.3.rel1.win32_1.0.200.202406191623/tools/bin/../lib/gcc/arm-none-eabi/12.3.1/thumb/v7e-m+fp/hard\libgcc.a(_arm_muldivdf3.o)
                0x08000608                __aeabi_dmul
                0x08000608                __muldf3
                0x0800085c                __divdf3
                0x0800085c                __aeabi_ddiv
 .text          0x08000a2c      0x110 C:/ST/STM32CubeIDE_1.16.1/STM32CubeIDE/plugins/com.st.stm32cube.ide.mcu.externaltools.gnu-tools-for-stm32.12.3.rel1.win32_1.0.200.202406191623/tools/bin/../lib/gcc/arm-none-eabi/12.3.1/thumb/v7e-m+fp/hard\libgcc.a(_arm_cmpdf2.o)
                0x08000a2c                __gtdf2
                0x08000a2c                __gedf2
                0x08000a34                __ltdf2
                0x08000a34                __ledf2
                0x08000a3c                __nedf2
                0x08000a3c                __eqdf2
                0x08000a3c                __cmpdf2
                0x08000ab8                __aeabi_cdrcmple
                0x08000ac8                __aeabi_cdcmpeq
                0x08000ac8                __aeabi_cdcmple
                0x08000ad8                __aeabi_dcmpeq
                0x08000aec                __aeabi_dcmplt
                0x08000b00                __aeabi_dcmple
                0x08000b14                __aeabi_dcmpge
                0x08000b28                __aeabi_dcmpgt
 .text          0x08000b3c       0x2c C:/ST/STM32CubeIDE_1.16.1/STM32CubeIDE/plugins/com.st.stm32cube.ide.mcu.externaltools.gnu-tools-for-stm32.12.3.rel1.win32_1.0.200.202406191623/tools/bin/../lib/gcc/arm-none-eabi/12.3.1/thumb/v7e-m+fp/hard\libgcc.a(_arm_unorddf2.o)
                0x08000b3c                __unorddf2
                0x08000b3c                __aeabi_dcmpun
 .text          0x08000b68       0x50 C:/ST/STM32CubeIDE_1.16.1/STM32CubeIDE/plugins/com.st.stm32cube.ide.mcu.externaltools.gnu-tools-for-stm32.12.3.rel1.win32_1.0.200.202406191623/tools/bin/../lib/gcc/arm-none-eabi/12.3.1/thumb/v7e-m+fp/hard\libgcc.a(_arm_fixdfsi.o)
                0x08000b68                __aeabi_d2iz
                0x08000b68                __fixdfsi
 .text          0x08000bb8       0x30 C:/ST/STM32CubeIDE_1.16.1/STM32CubeIDE/plugins/com.st.stm32cube.ide.mcu.externaltools.gnu-tools-for-stm32.12.3.rel1.win32_1.0.200.202406191623/tools/bin/../lib/gcc/arm-none-eabi/12.3.1/thumb/v7e-m+fp/hard\libgcc.a(_aeabi_uldivmod.o)
                0x08000bb8                __aeabi_uldivmod
 .text          0x08000be8      0x2bc C:/ST/STM32CubeIDE_1.16.1/STM32CubeIDE/plugins/com.st.stm32cube.ide.mcu.externaltools.gnu-tools-for-stm32.12.3.rel1.win32_1.0.200.202406191623/tools/bin/../lib/gcc/arm-none-eabi/12.3.1/thumb/v7e-m+fp/hard\libgcc.a(_udivmoddi4.o)
                0x08000be8                __udivmoddi4
 .text          0x08000ea4        0x4 C:/ST/STM32CubeIDE_1.16.1/STM32CubeIDE/plugins/com.st.stm32cube.ide.mcu.externaltools.gnu-tools-for-stm32.12.3.rel1.win32_1.0.200.202406191623/tools/bin/../lib/gcc/arm-none-eabi/12.3.1/thumb/v7e-m+fp/hard\libgcc.a(_dvmd_tls.o)
                0x08000ea4                __aeabi_idiv0
                0x08000ea4                __aeabi_ldiv0
 *(.text*)
 .text.BlockTillConversionComplete
                0x08000ea8       0x7c ./Core/Src/DallasTemperature.o
 .text.ActivateExternalPullup
                0x08000f24       0x28 ./Core/Src/DallasTemperature.o
 .text.DeactivateExternalPullup
                0x08000f4c       0x28 ./Core/Src/DallasTemperature.o
 .text.DT_SetOneWire
                0x08000f74       0x4c ./Core/Src/DallasTemperature.o
                0x08000f74                DT_SetOneWire
 .text.DT_Begin
                0x08000fc0      0x108 ./Core/Src/DallasTemperature.o
                0x08000fc0                DT_Begin
 .text.DT_GetDeviceCount
                0x080010c8       0x18 ./Core/Src/DallasTemperature.o
                0x080010c8                DT_GetDeviceCount
 .text.DT_ValidAddress
                0x080010e0       0x2c ./Core/Src/DallasTemperature.o
                0x080010e0                DT_ValidAddress
 .text.DT_ValidFamily
                0x0800110c       0x50 ./Core/Src/DallasTemperature.o
                0x0800110c                DT_ValidFamily
 .text.DT_GetAddress
                0x0800115c       0x6c ./Core/Src/DallasTemperature.o
                0x0800115c                DT_GetAddress
 .text.DT_IsConnected_ScratchPad
                0x080011c8       0x4a ./Core/Src/DallasTemperature.o
                0x080011c8                DT_IsConnected_ScratchPad
 *fill*         0x08001212        0x2 
 .text.DT_ReadScratchPad
                0x08001214       0x80 ./Core/Src/DallasTemperature.o
                0x08001214                DT_ReadScratchPad
 .text.DT_WriteScratchPad
                0x08001294       0xba ./Core/Src/DallasTemperature.o
                0x08001294                DT_WriteScratchPad
 *fill*         0x0800134e        0x2 
 .text.DT_ReadPowerSupply
                0x08001350       0xa4 ./Core/Src/DallasTemperature.o
                0x08001350                DT_ReadPowerSupply
 .text.DT_SetResolution
                0x080013f4      0x12c ./Core/Src/DallasTemperature.o
                0x080013f4                DT_SetResolution
 .text.DT_GetAllResolution
                0x08001520       0x18 ./Core/Src/DallasTemperature.o
                0x08001520                DT_GetAllResolution
 .text.DT_GetResolution
                0x08001538       0x60 ./Core/Src/DallasTemperature.o
                0x08001538                DT_GetResolution
 .text.DT_IsConversionComplete
                0x08001598       0x34 ./Core/Src/DallasTemperature.o
                0x08001598                DT_IsConversionComplete
 .text.DT_RequestTemperatures
                0x080015cc       0x48 ./Core/Src/DallasTemperature.o
                0x080015cc                DT_RequestTemperatures
 .text.DT_MillisToWaitForConversion
                0x08001614       0x3c ./Core/Src/DallasTemperature.o
                0x08001614                DT_MillisToWaitForConversion
 .text.DT_SaveScratchPad
                0x08001650       0xcc ./Core/Src/DallasTemperature.o
                0x08001650                DT_SaveScratchPad
 .text.DT_GetTempCByIndex
                0x0800171c       0x4c ./Core/Src/DallasTemperature.o
                0x0800171c                DT_GetTempCByIndex
 .text.DT_CalculateTemperature
                0x08001768       0x6e ./Core/Src/DallasTemperature.o
                0x08001768                DT_CalculateTemperature
 *fill*         0x080017d6        0x2 
 .text.DT_GetTemp
                0x080017d8       0x3c ./Core/Src/DallasTemperature.o
                0x080017d8                DT_GetTemp
 .text.DT_GetTempC
                0x08001814       0x28 ./Core/Src/DallasTemperature.o
                0x08001814                DT_GetTempC
 .text.DT_RawToCelsius
                0x0800183c       0x44 ./Core/Src/DallasTemperature.o
                0x0800183c                DT_RawToCelsius
 .text.OW_UART_Init
                0x08001880       0x4a ./Core/Src/OneWire.o
 .text.OW_ToBits
                0x080018ca       0x50 ./Core/Src/OneWire.o
 .text.OW_ToByte
                0x0800191a       0x48 ./Core/Src/OneWire.o
 .text.OW_Begin
                0x08001962       0x2e ./Core/Src/OneWire.o
                0x08001962                OW_Begin
 .text.OW_Reset
                0x08001990       0x68 ./Core/Src/OneWire.o
                0x08001990                OW_Reset
 .text.OW_Send  0x080019f8       0xb8 ./Core/Src/OneWire.o
                0x080019f8                OW_Send
 .text.OW_SendBits
                0x08001ab0       0x4e ./Core/Src/OneWire.o
 .text.OW_ResetSearch
                0x08001afe       0x46 ./Core/Src/OneWire.o
                0x08001afe                OW_ResetSearch
 .text.OW_Search
                0x08001b44      0x1b8 ./Core/Src/OneWire.o
                0x08001b44                OW_Search
 .text.OW_Crc8  0x08001cfc       0x5c ./Core/Src/OneWire.o
                0x08001cfc                OW_Crc8
 .text.SX1278_SPIRead
                0x08001d58       0x3e ./Core/Src/SX1278.o
                0x08001d58                SX1278_SPIRead
 .text.SX1278_SPIWrite
                0x08001d96       0x52 ./Core/Src/SX1278.o
                0x08001d96                SX1278_SPIWrite
 .text.SX1278_SPIBurstRead
                0x08001de8       0x72 ./Core/Src/SX1278.o
                0x08001de8                SX1278_SPIBurstRead
 .text.SX1278_SPIBurstWrite
                0x08001e5a       0x76 ./Core/Src/SX1278.o
                0x08001e5a                SX1278_SPIBurstWrite
 .text.SX1278_config
                0x08001ed0      0x208 ./Core/Src/SX1278.o
                0x08001ed0                SX1278_config
 .text.SX1278_standby
                0x080020d8       0x20 ./Core/Src/SX1278.o
                0x080020d8                SX1278_standby
 .text.SX1278_sleep
                0x080020f8       0x20 ./Core/Src/SX1278.o
                0x080020f8                SX1278_sleep
 .text.SX1278_entryLoRa
                0x08002118       0x1a ./Core/Src/SX1278.o
                0x08002118                SX1278_entryLoRa
 .text.SX1278_clearLoRaIrq
                0x08002132       0x1a ./Core/Src/SX1278.o
                0x08002132                SX1278_clearLoRaIrq
 .text.SX1278_LoRaEntryRx
                0x0800214c       0xca ./Core/Src/SX1278.o
                0x0800214c                SX1278_LoRaEntryRx
 .text.SX1278_LoRaRxPacket
                0x08002216       0x88 ./Core/Src/SX1278.o
                0x08002216                SX1278_LoRaRxPacket
 .text.SX1278_LoRaEntryTx
                0x0800229e       0xb0 ./Core/Src/SX1278.o
                0x0800229e                SX1278_LoRaEntryTx
 .text.SX1278_LoRaTxPacket
                0x0800234e       0x7e ./Core/Src/SX1278.o
                0x0800234e                SX1278_LoRaTxPacket
 .text.SX1278_init
                0x080023cc       0x5a ./Core/Src/SX1278.o
                0x080023cc                SX1278_init
 .text.SX1278_read
                0x08002426       0x4c ./Core/Src/SX1278.o
                0x08002426                SX1278_read
 .text.SX1278_hw_init
                0x08002472       0x2a ./Core/Src/SX1278_hw.o
                0x08002472                SX1278_hw_init
 .text.SX1278_hw_SetNSS
                0x0800249c       0x2e ./Core/Src/SX1278_hw.o
                0x0800249c                SX1278_hw_SetNSS
 .text.SX1278_hw_Reset
                0x080024ca       0x48 ./Core/Src/SX1278_hw.o
                0x080024ca                SX1278_hw_Reset
 .text.SX1278_hw_SPICommand
                0x08002512       0x40 ./Core/Src/SX1278_hw.o
                0x08002512                SX1278_hw_SPICommand
 .text.SX1278_hw_SPIReadByte
                0x08002552       0x4c ./Core/Src/SX1278_hw.o
                0x08002552                SX1278_hw_SPIReadByte
 .text.SX1278_hw_DelayMs
                0x0800259e       0x16 ./Core/Src/SX1278_hw.o
                0x0800259e                SX1278_hw_DelayMs
 .text.SX1278_hw_GetDIO0
                0x080025b4       0x2e ./Core/Src/SX1278_hw.o
                0x080025b4                SX1278_hw_GetDIO0
 *fill*         0x080025e2        0x2 
 .text.MX_DMA_Init
                0x080025e4       0x50 ./Core/Src/dma.o
                0x080025e4                MX_DMA_Init
 .text.MX_GPIO_Init
                0x08002634      0x238 ./Core/Src/gpio.o
                0x08002634                MX_GPIO_Init
 .text.MX_I2C1_Init
                0x0800286c       0x5c ./Core/Src/i2c.o
                0x0800286c                MX_I2C1_Init
 .text.HAL_I2C_MspInit
                0x080028c8       0x90 ./Core/Src/i2c.o
                0x080028c8                HAL_I2C_MspInit
 .text.MX_I2S2_Init
                0x08002958       0x5c ./Core/Src/i2s.o
                0x08002958                MX_I2S2_Init
 .text.HAL_I2S_MspInit
                0x080029b4      0x128 ./Core/Src/i2s.o
                0x080029b4                HAL_I2S_MspInit
 .text._write   0x08002adc       0x2c ./Core/Src/main.o
                0x08002adc                _write
 .text.printAddress
                0x08002b08       0x38 ./Core/Src/main.o
                0x08002b08                printAddress
 .text.main     0x08002b40      0x444 ./Core/Src/main.o
                0x08002b40                main
 .text.SystemClock_Config
                0x08002f84       0xd4 ./Core/Src/main.o
                0x08002f84                SystemClock_Config
 .text.Error_Handler
                0x08003058        0xc ./Core/Src/main.o
                0x08003058                Error_Handler
 .text.assert_failed
                0x08003064       0x16 ./Core/Src/main.o
                0x08003064                assert_failed
 *fill*         0x0800307a        0x2 
 .text.MX_SPI1_Init
                0x0800307c       0x6c ./Core/Src/spi.o
                0x0800307c                MX_SPI1_Init
 .text.HAL_SPI_MspInit
                0x080030e8       0x90 ./Core/Src/spi.o
                0x080030e8                HAL_SPI_MspInit
 .text.HAL_MspInit
                0x08003178       0x60 ./Core/Src/stm32f4xx_hal_msp.o
                0x08003178                HAL_MspInit
 .text.NMI_Handler
                0x080031d8        0x8 ./Core/Src/stm32f4xx_it.o
                0x080031d8                NMI_Handler
 .text.HardFault_Handler
                0x080031e0        0x8 ./Core/Src/stm32f4xx_it.o
                0x080031e0                HardFault_Handler
 .text.MemManage_Handler
                0x080031e8        0x8 ./Core/Src/stm32f4xx_it.o
                0x080031e8                MemManage_Handler
 .text.BusFault_Handler
                0x080031f0        0x8 ./Core/Src/stm32f4xx_it.o
                0x080031f0                BusFault_Handler
 .text.UsageFault_Handler
                0x080031f8        0x8 ./Core/Src/stm32f4xx_it.o
                0x080031f8                UsageFault_Handler
 .text.SVC_Handler
                0x08003200        0xe ./Core/Src/stm32f4xx_it.o
                0x08003200                SVC_Handler
 .text.DebugMon_Handler
                0x0800320e        0xe ./Core/Src/stm32f4xx_it.o
                0x0800320e                DebugMon_Handler
 .text.PendSV_Handler
                0x0800321c        0xe ./Core/Src/stm32f4xx_it.o
                0x0800321c                PendSV_Handler
 .text.SysTick_Handler
                0x0800322a        0xc ./Core/Src/stm32f4xx_it.o
                0x0800322a                SysTick_Handler
 .text.RCC_IRQHandler
                0x08003236        0xe ./Core/Src/stm32f4xx_it.o
                0x08003236                RCC_IRQHandler
 .text.DMA1_Stream6_IRQHandler
                0x08003244       0x14 ./Core/Src/stm32f4xx_it.o
                0x08003244                DMA1_Stream6_IRQHandler
 .text.USART2_IRQHandler
                0x08003258       0x14 ./Core/Src/stm32f4xx_it.o
                0x08003258                USART2_IRQHandler
 .text.DMA1_Stream7_IRQHandler
                0x0800326c       0x14 ./Core/Src/stm32f4xx_it.o
                0x0800326c                DMA1_Stream7_IRQHandler
 .text.OTG_FS_IRQHandler
                0x08003280       0x14 ./Core/Src/stm32f4xx_it.o
                0x08003280                OTG_FS_IRQHandler
 .text._getpid  0x08003294       0x10 ./Core/Src/syscalls.o
                0x08003294                _getpid
 .text._kill    0x080032a4       0x20 ./Core/Src/syscalls.o
                0x080032a4                _kill
 .text._exit    0x080032c4       0x16 ./Core/Src/syscalls.o
                0x080032c4                _exit
 .text._read    0x080032da       0x3a ./Core/Src/syscalls.o
                0x080032da                _read
 .text._close   0x08003314       0x18 ./Core/Src/syscalls.o
                0x08003314                _close
 .text._fstat   0x0800332c       0x20 ./Core/Src/syscalls.o
                0x0800332c                _fstat
 .text._isatty  0x0800334c       0x16 ./Core/Src/syscalls.o
                0x0800334c                _isatty
 .text._lseek   0x08003362       0x1a ./Core/Src/syscalls.o
                0x08003362                _lseek
 .text._sbrk    0x0800337c       0x6c ./Core/Src/sysmem.o
                0x0800337c                _sbrk
 .text.SystemInit
                0x080033e8       0x24 ./Core/Src/system_stm32f4xx.o
                0x080033e8                SystemInit
 .text.MX_USART1_UART_Init
                0x0800340c       0x54 ./Core/Src/usart.o
                0x0800340c                MX_USART1_UART_Init
 .text.MX_USART2_UART_Init
                0x08003460       0x54 ./Core/Src/usart.o
                0x08003460                MX_USART2_UART_Init
 .text.HAL_UART_MspInit
                0x080034b4      0x1d8 ./Core/Src/usart.o
                0x080034b4                HAL_UART_MspInit
 .text.Reset_Handler
                0x0800368c       0x50 ./Core/Startup/startup_stm32f411vetx.o
                0x0800368c                Reset_Handler
 .text.Default_Handler
                0x080036dc        0x2 ./Core/Startup/startup_stm32f411vetx.o
                0x080036dc                RTC_Alarm_IRQHandler
                0x080036dc                EXTI2_IRQHandler
                0x080036dc                SPI4_IRQHandler
                0x080036dc                TIM1_CC_IRQHandler
                0x080036dc                DMA2_Stream5_IRQHandler
                0x080036dc                DMA1_Stream5_IRQHandler
                0x080036dc                PVD_IRQHandler
                0x080036dc                SDIO_IRQHandler
                0x080036dc                TAMP_STAMP_IRQHandler
                0x080036dc                EXTI3_IRQHandler
                0x080036dc                TIM1_UP_TIM10_IRQHandler
                0x080036dc                I2C3_ER_IRQHandler
                0x080036dc                EXTI0_IRQHandler
                0x080036dc                I2C2_EV_IRQHandler
                0x080036dc                DMA1_Stream2_IRQHandler
                0x080036dc                FPU_IRQHandler
                0x080036dc                DMA2_Stream2_IRQHandler
                0x080036dc                SPI1_IRQHandler
                0x080036dc                TIM1_BRK_TIM9_IRQHandler
                0x080036dc                DMA2_Stream3_IRQHandler
                0x080036dc                USART6_IRQHandler
                0x080036dc                DMA2_Stream0_IRQHandler
                0x080036dc                TIM4_IRQHandler
                0x080036dc                I2C1_EV_IRQHandler
                0x080036dc                DMA1_Stream1_IRQHandler
                0x080036dc                TIM3_IRQHandler
                0x080036dc                Default_Handler
                0x080036dc                EXTI15_10_IRQHandler
                0x080036dc                ADC_IRQHandler
                0x080036dc                SPI5_IRQHandler
                0x080036dc                TIM5_IRQHandler
                0x080036dc                DMA2_Stream7_IRQHandler
                0x080036dc                I2C3_EV_IRQHandler
                0x080036dc                EXTI9_5_IRQHandler
                0x080036dc                RTC_WKUP_IRQHandler
                0x080036dc                SPI2_IRQHandler
                0x080036dc                DMA1_Stream0_IRQHandler
                0x080036dc                EXTI4_IRQHandler
                0x080036dc                WWDG_IRQHandler
                0x080036dc                TIM2_IRQHandler
                0x080036dc                OTG_FS_WKUP_IRQHandler
                0x080036dc                TIM1_TRG_COM_TIM11_IRQHandler
                0x080036dc                EXTI1_IRQHandler
                0x080036dc                I2C2_ER_IRQHandler
                0x080036dc                DMA2_Stream1_IRQHandler
                0x080036dc                FLASH_IRQHandler
                0x080036dc                DMA2_Stream4_IRQHandler
                0x080036dc                USART1_IRQHandler
                0x080036dc                SPI3_IRQHandler
                0x080036dc                DMA1_Stream4_IRQHandler
                0x080036dc                I2C1_ER_IRQHandler
                0x080036dc                DMA2_Stream6_IRQHandler
                0x080036dc                DMA1_Stream3_IRQHandler
 *fill*         0x080036de        0x2 
 .text.HAL_Init
                0x080036e0       0x44 ./Drivers/STM32F4xx_HAL_Driver/Src/stm32f4xx_hal.o
                0x080036e0                HAL_Init
 .text.HAL_InitTick
                0x08003724       0x60 ./Drivers/STM32F4xx_HAL_Driver/Src/stm32f4xx_hal.o
                0x08003724                HAL_InitTick
 .text.HAL_IncTick
                0x08003784       0x28 ./Drivers/STM32F4xx_HAL_Driver/Src/stm32f4xx_hal.o
                0x08003784                HAL_IncTick
 .text.HAL_GetTick
                0x080037ac       0x18 ./Drivers/STM32F4xx_HAL_Driver/Src/stm32f4xx_hal.o
                0x080037ac                HAL_GetTick
 .text.HAL_Delay
                0x080037c4       0x48 ./Drivers/STM32F4xx_HAL_Driver/Src/stm32f4xx_hal.o
                0x080037c4                HAL_Delay
 .text.__NVIC_SetPriorityGrouping
                0x0800380c       0x48 ./Drivers/STM32F4xx_HAL_Driver/Src/stm32f4xx_hal_cortex.o
 .text.__NVIC_GetPriorityGrouping
                0x08003854       0x1c ./Drivers/STM32F4xx_HAL_Driver/Src/stm32f4xx_hal_cortex.o
 .text.__NVIC_EnableIRQ
                0x08003870       0x3c ./Drivers/STM32F4xx_HAL_Driver/Src/stm32f4xx_hal_cortex.o
 .text.__NVIC_SetPriority
                0x080038ac       0x54 ./Drivers/STM32F4xx_HAL_Driver/Src/stm32f4xx_hal_cortex.o
 .text.NVIC_EncodePriority
                0x08003900       0x66 ./Drivers/STM32F4xx_HAL_Driver/Src/stm32f4xx_hal_cortex.o
 *fill*         0x08003966        0x2 
 .text.SysTick_Config
                0x08003968       0x44 ./Drivers/STM32F4xx_HAL_Driver/Src/stm32f4xx_hal_cortex.o
 .text.HAL_NVIC_SetPriorityGrouping
                0x080039ac       0x40 ./Drivers/STM32F4xx_HAL_Driver/Src/stm32f4xx_hal_cortex.o
                0x080039ac                HAL_NVIC_SetPriorityGrouping
 .text.HAL_NVIC_SetPriority
                0x080039ec       0x58 ./Drivers/STM32F4xx_HAL_Driver/Src/stm32f4xx_hal_cortex.o
                0x080039ec                HAL_NVIC_SetPriority
 .text.HAL_NVIC_EnableIRQ
                0x08003a44       0x30 ./Drivers/STM32F4xx_HAL_Driver/Src/stm32f4xx_hal_cortex.o
                0x08003a44                HAL_NVIC_EnableIRQ
 .text.HAL_SYSTICK_Config
                0x08003a74       0x18 ./Drivers/STM32F4xx_HAL_Driver/Src/stm32f4xx_hal_cortex.o
                0x08003a74                HAL_SYSTICK_Config
 .text.HAL_DMA_Init
                0x08003a8c      0x434 ./Drivers/STM32F4xx_HAL_Driver/Src/stm32f4xx_hal_dma.o
                0x08003a8c                HAL_DMA_Init
 .text.HAL_DMA_Start_IT
                0x08003ec0       0xcc ./Drivers/STM32F4xx_HAL_Driver/Src/stm32f4xx_hal_dma.o
                0x08003ec0                HAL_DMA_Start_IT
 .text.HAL_DMA_Abort
                0x08003f8c       0xe0 ./Drivers/STM32F4xx_HAL_Driver/Src/stm32f4xx_hal_dma.o
                0x08003f8c                HAL_DMA_Abort
 .text.HAL_DMA_Abort_IT
                0x0800406c       0x44 ./Drivers/STM32F4xx_HAL_Driver/Src/stm32f4xx_hal_dma.o
                0x0800406c                HAL_DMA_Abort_IT
 .text.HAL_DMA_IRQHandler
                0x080040b0      0x314 ./Drivers/STM32F4xx_HAL_Driver/Src/stm32f4xx_hal_dma.o
                0x080040b0                HAL_DMA_IRQHandler
 .text.DMA_SetConfig
                0x080043c4       0x5c ./Drivers/STM32F4xx_HAL_Driver/Src/stm32f4xx_hal_dma.o
 .text.DMA_CalcBaseAndBitshift
                0x08004420       0x6c ./Drivers/STM32F4xx_HAL_Driver/Src/stm32f4xx_hal_dma.o
 .text.DMA_CheckFifoParam
                0x0800448c       0xf8 ./Drivers/STM32F4xx_HAL_Driver/Src/stm32f4xx_hal_dma.o
 .text.HAL_GPIO_Init
                0x08004584      0x530 ./Drivers/STM32F4xx_HAL_Driver/Src/stm32f4xx_hal_gpio.o
                0x08004584                HAL_GPIO_Init
 .text.HAL_GPIO_ReadPin
                0x08004ab4       0x40 ./Drivers/STM32F4xx_HAL_Driver/Src/stm32f4xx_hal_gpio.o
                0x08004ab4                HAL_GPIO_ReadPin
 .text.HAL_GPIO_WritePin
                0x08004af4       0x58 ./Drivers/STM32F4xx_HAL_Driver/Src/stm32f4xx_hal_gpio.o
                0x08004af4                HAL_GPIO_WritePin
 .text.HAL_HCD_Init
                0x08004b4c       0xe4 ./Drivers/STM32F4xx_HAL_Driver/Src/stm32f4xx_hal_hcd.o
                0x08004b4c                HAL_HCD_Init
 .text.HAL_HCD_HC_Init
                0x08004c30      0x170 ./Drivers/STM32F4xx_HAL_Driver/Src/stm32f4xx_hal_hcd.o
                0x08004c30                HAL_HCD_HC_Init
 .text.HAL_HCD_HC_Halt
                0x08004da0       0x46 ./Drivers/STM32F4xx_HAL_Driver/Src/stm32f4xx_hal_hcd.o
                0x08004da0                HAL_HCD_HC_Halt
 *fill*         0x08004de6        0x2 
 .text.HAL_HCD_HC_SubmitRequest
                0x08004de8      0x33c ./Drivers/STM32F4xx_HAL_Driver/Src/stm32f4xx_hal_hcd.o
                0x08004de8                HAL_HCD_HC_SubmitRequest
 .text.HAL_HCD_IRQHandler
                0x08005124      0x220 ./Drivers/STM32F4xx_HAL_Driver/Src/stm32f4xx_hal_hcd.o
                0x08005124                HAL_HCD_IRQHandler
 .text.HAL_HCD_Start
                0x08005344       0x46 ./Drivers/STM32F4xx_HAL_Driver/Src/stm32f4xx_hal_hcd.o
                0x08005344                HAL_HCD_Start
 .text.HAL_HCD_Stop
                0x0800538a       0x3a ./Drivers/STM32F4xx_HAL_Driver/Src/stm32f4xx_hal_hcd.o
                0x0800538a                HAL_HCD_Stop
 .text.HAL_HCD_ResetPort
                0x080053c4       0x1c ./Drivers/STM32F4xx_HAL_Driver/Src/stm32f4xx_hal_hcd.o
                0x080053c4                HAL_HCD_ResetPort
 .text.HAL_HCD_HC_GetURBState
                0x080053e0       0x2a ./Drivers/STM32F4xx_HAL_Driver/Src/stm32f4xx_hal_hcd.o
                0x080053e0                HAL_HCD_HC_GetURBState
 .text.HAL_HCD_HC_GetXferCount
                0x0800540a       0x2a ./Drivers/STM32F4xx_HAL_Driver/Src/stm32f4xx_hal_hcd.o
                0x0800540a                HAL_HCD_HC_GetXferCount
 .text.HAL_HCD_GetCurrentFrame
                0x08005434       0x1c ./Drivers/STM32F4xx_HAL_Driver/Src/stm32f4xx_hal_hcd.o
                0x08005434                HAL_HCD_GetCurrentFrame
 .text.HAL_HCD_GetCurrentSpeed
                0x08005450       0x1c ./Drivers/STM32F4xx_HAL_Driver/Src/stm32f4xx_hal_hcd.o
                0x08005450                HAL_HCD_GetCurrentSpeed
 .text.HAL_HCD_HC_ClearHubInfo
                0x0800546c       0x6a ./Drivers/STM32F4xx_HAL_Driver/Src/stm32f4xx_hal_hcd.o
                0x0800546c                HAL_HCD_HC_ClearHubInfo
 .text.HCD_HC_IN_IRQHandler
                0x080054d6      0xcd2 ./Drivers/STM32F4xx_HAL_Driver/Src/stm32f4xx_hal_hcd.o
 .text.HCD_HC_OUT_IRQHandler
                0x080061a8      0x97e ./Drivers/STM32F4xx_HAL_Driver/Src/stm32f4xx_hal_hcd.o
 .text.HCD_RXQLVL_IRQHandler
                0x08006b26      0x1be ./Drivers/STM32F4xx_HAL_Driver/Src/stm32f4xx_hal_hcd.o
 .text.HCD_Port_IRQHandler
                0x08006ce4       0xe6 ./Drivers/STM32F4xx_HAL_Driver/Src/stm32f4xx_hal_hcd.o
 *fill*         0x08006dca        0x2 
 .text.HAL_I2C_Init
                0x08006dcc      0x390 ./Drivers/STM32F4xx_HAL_Driver/Src/stm32f4xx_hal_i2c.o
                0x08006dcc                HAL_I2C_Init
 .text.HAL_I2S_Init
                0x0800715c      0x3fc ./Drivers/STM32F4xx_HAL_Driver/Src/stm32f4xx_hal_i2s.o
                0x0800715c                HAL_I2S_Init
 .text.HAL_I2S_TxCpltCallback
                0x08007558       0x14 ./Drivers/STM32F4xx_HAL_Driver/Src/stm32f4xx_hal_i2s.o
                0x08007558                HAL_I2S_TxCpltCallback
 .text.HAL_I2S_RxCpltCallback
                0x0800756c       0x14 ./Drivers/STM32F4xx_HAL_Driver/Src/stm32f4xx_hal_i2s.o
                0x0800756c                HAL_I2S_RxCpltCallback
 .text.HAL_I2S_ErrorCallback
                0x08007580       0x14 ./Drivers/STM32F4xx_HAL_Driver/Src/stm32f4xx_hal_i2s.o
                0x08007580                HAL_I2S_ErrorCallback
 .text.I2S_Transmit_IT
                0x08007594       0x5c ./Drivers/STM32F4xx_HAL_Driver/Src/stm32f4xx_hal_i2s.o
 .text.I2S_Receive_IT
                0x080075f0       0x5e ./Drivers/STM32F4xx_HAL_Driver/Src/stm32f4xx_hal_i2s.o
 .text.I2S_IRQHandler
                0x0800764e      0x114 ./Drivers/STM32F4xx_HAL_Driver/Src/stm32f4xx_hal_i2s.o
 *fill*         0x08007762        0x2 
 .text.HAL_I2SEx_FullDuplex_IRQHandler
                0x08007764      0x2a8 ./Drivers/STM32F4xx_HAL_Driver/Src/stm32f4xx_hal_i2s_ex.o
                0x08007764                HAL_I2SEx_FullDuplex_IRQHandler
 .text.HAL_I2SEx_TxRxCpltCallback
                0x08007a0c       0x14 ./Drivers/STM32F4xx_HAL_Driver/Src/stm32f4xx_hal_i2s_ex.o
                0x08007a0c                HAL_I2SEx_TxRxCpltCallback
 .text.I2SEx_TxISR_I2S
                0x08007a20       0x62 ./Drivers/STM32F4xx_HAL_Driver/Src/stm32f4xx_hal_i2s_ex.o
 *fill*         0x08007a82        0x2 
 .text.I2SEx_TxISR_I2SExt
                0x08007a84       0x98 ./Drivers/STM32F4xx_HAL_Driver/Src/stm32f4xx_hal_i2s_ex.o
 .text.I2SEx_RxISR_I2S
                0x08007b1c       0x64 ./Drivers/STM32F4xx_HAL_Driver/Src/stm32f4xx_hal_i2s_ex.o
 .text.I2SEx_RxISR_I2SExt
                0x08007b80       0x98 ./Drivers/STM32F4xx_HAL_Driver/Src/stm32f4xx_hal_i2s_ex.o
 .text.HAL_RCC_OscConfig
                0x08007c18      0x658 ./Drivers/STM32F4xx_HAL_Driver/Src/stm32f4xx_hal_rcc.o
                0x08007c18                HAL_RCC_OscConfig
 .text.HAL_RCC_ClockConfig
                0x08008270      0x31c ./Drivers/STM32F4xx_HAL_Driver/Src/stm32f4xx_hal_rcc.o
                0x08008270                HAL_RCC_ClockConfig
 .text.HAL_RCC_GetSysClockFreq
                0x0800858c      0x20c ./Drivers/STM32F4xx_HAL_Driver/Src/stm32f4xx_hal_rcc.o
                0x0800858c                HAL_RCC_GetSysClockFreq
 .text.HAL_RCC_GetHCLKFreq
                0x08008798       0x18 ./Drivers/STM32F4xx_HAL_Driver/Src/stm32f4xx_hal_rcc.o
                0x08008798                HAL_RCC_GetHCLKFreq
 .text.HAL_RCC_GetPCLK1Freq
                0x080087b0       0x28 ./Drivers/STM32F4xx_HAL_Driver/Src/stm32f4xx_hal_rcc.o
                0x080087b0                HAL_RCC_GetPCLK1Freq
 .text.HAL_RCC_GetPCLK2Freq
                0x080087d8       0x28 ./Drivers/STM32F4xx_HAL_Driver/Src/stm32f4xx_hal_rcc.o
                0x080087d8                HAL_RCC_GetPCLK2Freq
 .text.HAL_RCCEx_PeriphCLKConfig
                0x08008800      0x42c ./Drivers/STM32F4xx_HAL_Driver/Src/stm32f4xx_hal_rcc_ex.o
                0x08008800                HAL_RCCEx_PeriphCLKConfig
 .text.HAL_RCCEx_GetPeriphCLKFreq
                0x08008c2c       0xc4 ./Drivers/STM32F4xx_HAL_Driver/Src/stm32f4xx_hal_rcc_ex.o
                0x08008c2c                HAL_RCCEx_GetPeriphCLKFreq
 .text.HAL_SPI_Init
                0x08008cf0      0x338 ./Drivers/STM32F4xx_HAL_Driver/Src/stm32f4xx_hal_spi.o
                0x08008cf0                HAL_SPI_Init
 .text.HAL_SPI_Transmit
                0x08009028      0x2a8 ./Drivers/STM32F4xx_HAL_Driver/Src/stm32f4xx_hal_spi.o
                0x08009028                HAL_SPI_Transmit
 .text.HAL_SPI_TransmitReceive
                0x080092d0      0x36c ./Drivers/STM32F4xx_HAL_Driver/Src/stm32f4xx_hal_spi.o
                0x080092d0                HAL_SPI_TransmitReceive
 .text.HAL_SPI_GetState
                0x0800963c       0x1c ./Drivers/STM32F4xx_HAL_Driver/Src/stm32f4xx_hal_spi.o
                0x0800963c                HAL_SPI_GetState
 .text.SPI_WaitFlagStateUntilTimeout
                0x08009658      0x110 ./Drivers/STM32F4xx_HAL_Driver/Src/stm32f4xx_hal_spi.o
 .text.SPI_EndRxTxTransaction
                0x08009768       0xa8 ./Drivers/STM32F4xx_HAL_Driver/Src/stm32f4xx_hal_spi.o
 .text.HAL_UART_Init
                0x08009810      0x174 ./Drivers/STM32F4xx_HAL_Driver/Src/stm32f4xx_hal_uart.o
                0x08009810                HAL_UART_Init
 .text.HAL_HalfDuplex_Init
                0x08009984      0x120 ./Drivers/STM32F4xx_HAL_Driver/Src/stm32f4xx_hal_uart.o
                0x08009984                HAL_HalfDuplex_Init
 .text.HAL_UART_Transmit
                0x08009aa4      0x116 ./Drivers/STM32F4xx_HAL_Driver/Src/stm32f4xx_hal_uart.o
                0x08009aa4                HAL_UART_Transmit
 *fill*         0x08009bba        0x2 
 .text.HAL_UART_Transmit_DMA
                0x08009bbc       0xe0 ./Drivers/STM32F4xx_HAL_Driver/Src/stm32f4xx_hal_uart.o
                0x08009bbc                HAL_UART_Transmit_DMA
 .text.HAL_UART_Receive_DMA
                0x08009c9c       0x4a ./Drivers/STM32F4xx_HAL_Driver/Src/stm32f4xx_hal_uart.o
                0x08009c9c                HAL_UART_Receive_DMA
 *fill*         0x08009ce6        0x2 
 .text.HAL_UART_IRQHandler
                0x08009ce8      0x524 ./Drivers/STM32F4xx_HAL_Driver/Src/stm32f4xx_hal_uart.o
                0x08009ce8                HAL_UART_IRQHandler
 .text.HAL_UART_TxCpltCallback
                0x0800a20c       0x14 ./Drivers/STM32F4xx_HAL_Driver/Src/stm32f4xx_hal_uart.o
                0x0800a20c                HAL_UART_TxCpltCallback
 .text.HAL_UART_TxHalfCpltCallback
                0x0800a220       0x14 ./Drivers/STM32F4xx_HAL_Driver/Src/stm32f4xx_hal_uart.o
                0x0800a220                HAL_UART_TxHalfCpltCallback
 .text.HAL_UART_RxCpltCallback
                0x0800a234       0x14 ./Drivers/STM32F4xx_HAL_Driver/Src/stm32f4xx_hal_uart.o
                0x0800a234                HAL_UART_RxCpltCallback
 .text.HAL_UART_RxHalfCpltCallback
                0x0800a248       0x14 ./Drivers/STM32F4xx_HAL_Driver/Src/stm32f4xx_hal_uart.o
                0x0800a248                HAL_UART_RxHalfCpltCallback
 .text.HAL_UART_ErrorCallback
                0x0800a25c       0x14 ./Drivers/STM32F4xx_HAL_Driver/Src/stm32f4xx_hal_uart.o
                0x0800a25c                HAL_UART_ErrorCallback
 .text.HAL_UARTEx_RxEventCallback
                0x0800a270       0x18 ./Drivers/STM32F4xx_HAL_Driver/Src/stm32f4xx_hal_uart.o
                0x0800a270                HAL_UARTEx_RxEventCallback
 .text.HAL_UART_GetState
                0x0800a288       0x3c ./Drivers/STM32F4xx_HAL_Driver/Src/stm32f4xx_hal_uart.o
                0x0800a288                HAL_UART_GetState
 .text.UART_DMATransmitCplt
                0x0800a2c4       0x9a ./Drivers/STM32F4xx_HAL_Driver/Src/stm32f4xx_hal_uart.o
 .text.UART_DMATxHalfCplt
                0x0800a35e       0x1c ./Drivers/STM32F4xx_HAL_Driver/Src/stm32f4xx_hal_uart.o
 .text.UART_DMAReceiveCplt
                0x0800a37a      0x12c ./Drivers/STM32F4xx_HAL_Driver/Src/stm32f4xx_hal_uart.o
 .text.UART_DMARxHalfCplt
                0x0800a4a6       0x3c ./Drivers/STM32F4xx_HAL_Driver/Src/stm32f4xx_hal_uart.o
 .text.UART_DMAError
                0x0800a4e2       0x94 ./Drivers/STM32F4xx_HAL_Driver/Src/stm32f4xx_hal_uart.o
 .text.UART_WaitOnFlagUntilTimeout
                0x0800a576       0xb2 ./Drivers/STM32F4xx_HAL_Driver/Src/stm32f4xx_hal_uart.o
 .text.UART_Start_Receive_DMA
                0x0800a628      0x134 ./Drivers/STM32F4xx_HAL_Driver/Src/stm32f4xx_hal_uart.o
                0x0800a628                UART_Start_Receive_DMA
 .text.UART_EndTxTransfer
                0x0800a75c       0x50 ./Drivers/STM32F4xx_HAL_Driver/Src/stm32f4xx_hal_uart.o
 .text.UART_EndRxTransfer
                0x0800a7ac       0xc6 ./Drivers/STM32F4xx_HAL_Driver/Src/stm32f4xx_hal_uart.o
 .text.UART_DMAAbortOnError
                0x0800a872       0x28 ./Drivers/STM32F4xx_HAL_Driver/Src/stm32f4xx_hal_uart.o
 .text.UART_Transmit_IT
                0x0800a89a       0xa0 ./Drivers/STM32F4xx_HAL_Driver/Src/stm32f4xx_hal_uart.o
 .text.UART_EndTransmit_IT
                0x0800a93a       0x30 ./Drivers/STM32F4xx_HAL_Driver/Src/stm32f4xx_hal_uart.o
 .text.UART_Receive_IT
                0x0800a96a      0x17c ./Drivers/STM32F4xx_HAL_Driver/Src/stm32f4xx_hal_uart.o
 *fill*         0x0800aae6        0x2 
 .text.UART_SetConfig
                0x0800aae8      0x574 ./Drivers/STM32F4xx_HAL_Driver/Src/stm32f4xx_hal_uart.o
 .text.USB_CoreInit
                0x0800b05c       0xc8 ./Drivers/STM32F4xx_HAL_Driver/Src/stm32f4xx_ll_usb.o
                0x0800b05c                USB_CoreInit
 .text.USB_EnableGlobalInt
                0x0800b124       0x22 ./Drivers/STM32F4xx_HAL_Driver/Src/stm32f4xx_ll_usb.o
                0x0800b124                USB_EnableGlobalInt
 .text.USB_DisableGlobalInt
                0x0800b146       0x22 ./Drivers/STM32F4xx_HAL_Driver/Src/stm32f4xx_ll_usb.o
                0x0800b146                USB_DisableGlobalInt
 .text.USB_SetCurrentMode
                0x0800b168       0x98 ./Drivers/STM32F4xx_HAL_Driver/Src/stm32f4xx_ll_usb.o
                0x0800b168                USB_SetCurrentMode
 .text.USB_FlushTxFifo
                0x0800b200       0x64 ./Drivers/STM32F4xx_HAL_Driver/Src/stm32f4xx_ll_usb.o
                0x0800b200                USB_FlushTxFifo
 .text.USB_FlushRxFifo
                0x0800b264       0x5c ./Drivers/STM32F4xx_HAL_Driver/Src/stm32f4xx_ll_usb.o
                0x0800b264                USB_FlushRxFifo
 .text.USB_WritePacket
                0x0800b2c0       0x7c ./Drivers/STM32F4xx_HAL_Driver/Src/stm32f4xx_ll_usb.o
                0x0800b2c0                USB_WritePacket
 .text.USB_ReadPacket
                0x0800b33c       0xb0 ./Drivers/STM32F4xx_HAL_Driver/Src/stm32f4xx_ll_usb.o
                0x0800b33c                USB_ReadPacket
 .text.USB_ReadInterrupts
                0x0800b3ec       0x26 ./Drivers/STM32F4xx_HAL_Driver/Src/stm32f4xx_ll_usb.o
                0x0800b3ec                USB_ReadInterrupts
 .text.USB_ReadChInterrupts
                0x0800b412       0x42 ./Drivers/STM32F4xx_HAL_Driver/Src/stm32f4xx_ll_usb.o
                0x0800b412                USB_ReadChInterrupts
 .text.USB_GetMode
                0x0800b454       0x1c ./Drivers/STM32F4xx_HAL_Driver/Src/stm32f4xx_ll_usb.o
                0x0800b454                USB_GetMode
 .text.USB_CoreReset
                0x0800b470       0x62 ./Drivers/STM32F4xx_HAL_Driver/Src/stm32f4xx_ll_usb.o
 *fill*         0x0800b4d2        0x2 
 .text.USB_HostInit
                0x0800b4d4      0x15c ./Drivers/STM32F4xx_HAL_Driver/Src/stm32f4xx_ll_usb.o
                0x0800b4d4                USB_HostInit
 .text.USB_InitFSLSPClkSel
                0x0800b630       0x7a ./Drivers/STM32F4xx_HAL_Driver/Src/stm32f4xx_ll_usb.o
                0x0800b630                USB_InitFSLSPClkSel
 .text.USB_ResetPort
                0x0800b6aa       0x54 ./Drivers/STM32F4xx_HAL_Driver/Src/stm32f4xx_ll_usb.o
                0x0800b6aa                USB_ResetPort
 .text.USB_DriveVbus
                0x0800b6fe       0x72 ./Drivers/STM32F4xx_HAL_Driver/Src/stm32f4xx_ll_usb.o
                0x0800b6fe                USB_DriveVbus
 .text.USB_GetHostSpeed
                0x0800b770       0x2e ./Drivers/STM32F4xx_HAL_Driver/Src/stm32f4xx_ll_usb.o
                0x0800b770                USB_GetHostSpeed
 .text.USB_GetCurrentFrame
                0x0800b79e       0x22 ./Drivers/STM32F4xx_HAL_Driver/Src/stm32f4xx_ll_usb.o
                0x0800b79e                USB_GetCurrentFrame
 .text.USB_HC_Init
                0x0800b7c0      0x22c ./Drivers/STM32F4xx_HAL_Driver/Src/stm32f4xx_ll_usb.o
                0x0800b7c0                USB_HC_Init
 .text.USB_HC_StartXfer
                0x0800b9ec      0x488 ./Drivers/STM32F4xx_HAL_Driver/Src/stm32f4xx_ll_usb.o
                0x0800b9ec                USB_HC_StartXfer
 .text.USB_HC_ReadInterrupt
                0x0800be74       0x22 ./Drivers/STM32F4xx_HAL_Driver/Src/stm32f4xx_ll_usb.o
                0x0800be74                USB_HC_ReadInterrupt
 .text.USB_HC_Halt
                0x0800be96      0x240 ./Drivers/STM32F4xx_HAL_Driver/Src/stm32f4xx_ll_usb.o
                0x0800be96                USB_HC_Halt
 .text.USB_StopHost
                0x0800c0d6      0x124 ./Drivers/STM32F4xx_HAL_Driver/Src/stm32f4xx_ll_usb.o
                0x0800c0d6                USB_StopHost
 .text.USBH_CDC_InterfaceInit
                0x0800c1fa      0x2ac ./Middlewares/ST/STM32_USB_Host_Library/Class/CDC/Src/usbh_cdc.o
 .text.USBH_CDC_InterfaceDeInit
                0x0800c4a6       0xb2 ./Middlewares/ST/STM32_USB_Host_Library/Class/CDC/Src/usbh_cdc.o
 .text.USBH_CDC_ClassRequest
                0x0800c558       0x3e ./Middlewares/ST/STM32_USB_Host_Library/Class/CDC/Src/usbh_cdc.o
 *fill*         0x0800c596        0x2 
 .text.USBH_CDC_Process
                0x0800c598      0x12c ./Middlewares/ST/STM32_USB_Host_Library/Class/CDC/Src/usbh_cdc.o
 .text.USBH_CDC_SOFProcess
                0x0800c6c4       0x16 ./Middlewares/ST/STM32_USB_Host_Library/Class/CDC/Src/usbh_cdc.o
 .text.GetLineCoding
                0x0800c6da       0x3e ./Middlewares/ST/STM32_USB_Host_Library/Class/CDC/Src/usbh_cdc.o
 .text.SetLineCoding
                0x0800c718       0x3e ./Middlewares/ST/STM32_USB_Host_Library/Class/CDC/Src/usbh_cdc.o
 .text.CDC_ProcessTransmission
                0x0800c756       0xec ./Middlewares/ST/STM32_USB_Host_Library/Class/CDC/Src/usbh_cdc.o
 .text.CDC_ProcessReception
                0x0800c842       0xb6 ./Middlewares/ST/STM32_USB_Host_Library/Class/CDC/Src/usbh_cdc.o
 .text.USBH_CDC_TransmitCallback
                0x0800c8f8       0x14 ./Middlewares/ST/STM32_USB_Host_Library/Class/CDC/Src/usbh_cdc.o
                0x0800c8f8                USBH_CDC_TransmitCallback
 .text.USBH_CDC_ReceiveCallback
                0x0800c90c       0x14 ./Middlewares/ST/STM32_USB_Host_Library/Class/CDC/Src/usbh_cdc.o
                0x0800c90c                USBH_CDC_ReceiveCallback
 .text.USBH_CDC_LineCodingChanged
                0x0800c920       0x14 ./Middlewares/ST/STM32_USB_Host_Library/Class/CDC/Src/usbh_cdc.o
                0x0800c920                USBH_CDC_LineCodingChanged
 .text.USBH_Init
                0x0800c934       0x74 ./Middlewares/ST/STM32_USB_Host_Library/Core/Src/usbh_core.o
                0x0800c934                USBH_Init
 .text.DeInitStateMachine
                0x0800c9a8       0xe6 ./Middlewares/ST/STM32_USB_Host_Library/Core/Src/usbh_core.o
 .text.USBH_RegisterClass
                0x0800ca8e       0x54 ./Middlewares/ST/STM32_USB_Host_Library/Core/Src/usbh_core.o
                0x0800ca8e                USBH_RegisterClass
 .text.USBH_SelectInterface
                0x0800cae2       0x38 ./Middlewares/ST/STM32_USB_Host_Library/Core/Src/usbh_core.o
                0x0800cae2                USBH_SelectInterface
 .text.USBH_FindInterface
                0x0800cb1a       0x8c ./Middlewares/ST/STM32_USB_Host_Library/Core/Src/usbh_core.o
                0x0800cb1a                USBH_FindInterface
 .text.USBH_Start
                0x0800cba6       0x20 ./Middlewares/ST/STM32_USB_Host_Library/Core/Src/usbh_core.o
                0x0800cba6                USBH_Start
 *fill*         0x0800cbc6        0x2 
 .text.USBH_Process
                0x0800cbc8      0x3d0 ./Middlewares/ST/STM32_USB_Host_Library/Core/Src/usbh_core.o
                0x0800cbc8                USBH_Process
 .text.USBH_HandleEnum
                0x0800cf98      0x3c0 ./Middlewares/ST/STM32_USB_Host_Library/Core/Src/usbh_core.o
 .text.USBH_LL_SetTimer
                0x0800d358       0x1e ./Middlewares/ST/STM32_USB_Host_Library/Core/Src/usbh_core.o
                0x0800d358                USBH_LL_SetTimer
 .text.USBH_LL_IncTimer
                0x0800d376       0x24 ./Middlewares/ST/STM32_USB_Host_Library/Core/Src/usbh_core.o
                0x0800d376                USBH_LL_IncTimer
 .text.USBH_HandleSof
                0x0800d39a       0x30 ./Middlewares/ST/STM32_USB_Host_Library/Core/Src/usbh_core.o
 .text.USBH_LL_PortEnabled
                0x0800d3ca       0x1c ./Middlewares/ST/STM32_USB_Host_Library/Core/Src/usbh_core.o
                0x0800d3ca                USBH_LL_PortEnabled
 .text.USBH_LL_PortDisabled
                0x0800d3e6       0x1c ./Middlewares/ST/STM32_USB_Host_Library/Core/Src/usbh_core.o
                0x0800d3e6                USBH_LL_PortDisabled
 .text.USBH_LL_Connect
                0x0800d402       0x2e ./Middlewares/ST/STM32_USB_Host_Library/Core/Src/usbh_core.o
                0x0800d402                USBH_LL_Connect
 .text.USBH_LL_Disconnect
                0x0800d430       0x48 ./Middlewares/ST/STM32_USB_Host_Library/Core/Src/usbh_core.o
                0x0800d430                USBH_LL_Disconnect
 .text.USBH_Get_DevDesc
                0x0800d478       0x58 ./Middlewares/ST/STM32_USB_Host_Library/Core/Src/usbh_ctlreq.o
                0x0800d478                USBH_Get_DevDesc
 .text.USBH_Get_CfgDesc
                0x0800d4d0       0x54 ./Middlewares/ST/STM32_USB_Host_Library/Core/Src/usbh_ctlreq.o
                0x0800d4d0                USBH_Get_CfgDesc
 .text.USBH_Get_StringDesc
                0x0800d524       0x68 ./Middlewares/ST/STM32_USB_Host_Library/Core/Src/usbh_ctlreq.o
                0x0800d524                USBH_Get_StringDesc
 .text.USBH_GetDescriptor
                0x0800d58c       0x6a ./Middlewares/ST/STM32_USB_Host_Library/Core/Src/usbh_ctlreq.o
                0x0800d58c                USBH_GetDescriptor
 .text.USBH_SetAddress
                0x0800d5f6       0x48 ./Middlewares/ST/STM32_USB_Host_Library/Core/Src/usbh_ctlreq.o
                0x0800d5f6                USBH_SetAddress
 .text.USBH_SetCfg
                0x0800d63e       0x46 ./Middlewares/ST/STM32_USB_Host_Library/Core/Src/usbh_ctlreq.o
                0x0800d63e                USBH_SetCfg
 .text.USBH_SetFeature
                0x0800d684       0x48 ./Middlewares/ST/STM32_USB_Host_Library/Core/Src/usbh_ctlreq.o
                0x0800d684                USBH_SetFeature
 .text.USBH_ClrFeature
                0x0800d6cc       0x48 ./Middlewares/ST/STM32_USB_Host_Library/Core/Src/usbh_ctlreq.o
                0x0800d6cc                USBH_ClrFeature
 .text.USBH_ParseDevDesc
                0x0800d714      0x160 ./Middlewares/ST/STM32_USB_Host_Library/Core/Src/usbh_ctlreq.o
 .text.USBH_ParseCfgDesc
                0x0800d874      0x1f0 ./Middlewares/ST/STM32_USB_Host_Library/Core/Src/usbh_ctlreq.o
 .text.USBH_ParseInterfaceDesc
                0x0800da64       0x68 ./Middlewares/ST/STM32_USB_Host_Library/Core/Src/usbh_ctlreq.o
 .text.USBH_ParseEPDesc
                0x0800dacc      0x1d0 ./Middlewares/ST/STM32_USB_Host_Library/Core/Src/usbh_ctlreq.o
 .text.USBH_ParseStringDesc
                0x0800dc9c       0x66 ./Middlewares/ST/STM32_USB_Host_Library/Core/Src/usbh_ctlreq.o
 .text.USBH_GetNextDesc
                0x0800dd02       0x34 ./Middlewares/ST/STM32_USB_Host_Library/Core/Src/usbh_ctlreq.o
                0x0800dd02                USBH_GetNextDesc
 .text.USBH_CtlReq
                0x0800dd36       0x7a ./Middlewares/ST/STM32_USB_Host_Library/Core/Src/usbh_ctlreq.o
                0x0800dd36                USBH_CtlReq
 .text.USBH_HandleControl
                0x0800ddb0      0x2e8 ./Middlewares/ST/STM32_USB_Host_Library/Core/Src/usbh_ctlreq.o
 .text.USBH_CtlSendSetup
                0x0800e098       0x34 ./Middlewares/ST/STM32_USB_Host_Library/Core/Src/usbh_ioreq.o
                0x0800e098                USBH_CtlSendSetup
 .text.USBH_CtlSendData
                0x0800e0cc       0x4a ./Middlewares/ST/STM32_USB_Host_Library/Core/Src/usbh_ioreq.o
                0x0800e0cc                USBH_CtlSendData
 .text.USBH_CtlReceiveData
                0x0800e116       0x3c ./Middlewares/ST/STM32_USB_Host_Library/Core/Src/usbh_ioreq.o
                0x0800e116                USBH_CtlReceiveData
 .text.USBH_BulkSendData
                0x0800e152       0x4a ./Middlewares/ST/STM32_USB_Host_Library/Core/Src/usbh_ioreq.o
                0x0800e152                USBH_BulkSendData
 .text.USBH_BulkReceiveData
                0x0800e19c       0x3c ./Middlewares/ST/STM32_USB_Host_Library/Core/Src/usbh_ioreq.o
                0x0800e19c                USBH_BulkReceiveData
 .text.USBH_OpenPipe
                0x0800e1d8       0x3e ./Middlewares/ST/STM32_USB_Host_Library/Core/Src/usbh_pipes.o
                0x0800e1d8                USBH_OpenPipe
 .text.USBH_ClosePipe
                0x0800e216       0x20 ./Middlewares/ST/STM32_USB_Host_Library/Core/Src/usbh_pipes.o
                0x0800e216                USBH_ClosePipe
 .text.USBH_AllocPipe
                0x0800e236       0x42 ./Middlewares/ST/STM32_USB_Host_Library/Core/Src/usbh_pipes.o
                0x0800e236                USBH_AllocPipe
 .text.USBH_FreePipe
                0x0800e278       0x3c ./Middlewares/ST/STM32_USB_Host_Library/Core/Src/usbh_pipes.o
                0x0800e278                USBH_FreePipe
 .text.USBH_GetFreePipe
                0x0800e2b4       0x48 ./Middlewares/ST/STM32_USB_Host_Library/Core/Src/usbh_pipes.o
 .text.MX_USB_HOST_Init
                0x0800e2fc       0x4c ./USB_HOST/App/usb_host.o
                0x0800e2fc                MX_USB_HOST_Init
 .text.MX_USB_HOST_Process
                0x0800e348       0x14 ./USB_HOST/App/usb_host.o
                0x0800e348                MX_USB_HOST_Process
 .text.USBH_UserProcess
                0x0800e35c       0x5c ./USB_HOST/App/usb_host.o
 .text.HAL_HCD_MspInit
                0x0800e3b8       0xa8 ./USB_HOST/Target/usbh_conf.o
                0x0800e3b8                HAL_HCD_MspInit
 .text.HAL_HCD_SOF_Callback
                0x0800e460       0x1c ./USB_HOST/Target/usbh_conf.o
                0x0800e460                HAL_HCD_SOF_Callback
 .text.HAL_HCD_Connect_Callback
                0x0800e47c       0x1c ./USB_HOST/Target/usbh_conf.o
                0x0800e47c                HAL_HCD_Connect_Callback
 .text.HAL_HCD_Disconnect_Callback
                0x0800e498       0x1c ./USB_HOST/Target/usbh_conf.o
                0x0800e498                HAL_HCD_Disconnect_Callback
 .text.HAL_HCD_HC_NotifyURBChange_Callback
                0x0800e4b4       0x1c ./USB_HOST/Target/usbh_conf.o
                0x0800e4b4                HAL_HCD_HC_NotifyURBChange_Callback
 .text.HAL_HCD_PortEnabled_Callback
                0x0800e4d0       0x1c ./USB_HOST/Target/usbh_conf.o
                0x0800e4d0                HAL_HCD_PortEnabled_Callback
 .text.HAL_HCD_PortDisabled_Callback
                0x0800e4ec       0x1c ./USB_HOST/Target/usbh_conf.o
                0x0800e4ec                HAL_HCD_PortDisabled_Callback
 .text.USBH_LL_Init
                0x0800e508       0x78 ./USB_HOST/Target/usbh_conf.o
                0x0800e508                USBH_LL_Init
 .text.USBH_LL_Start
                0x0800e580       0x36 ./USB_HOST/Target/usbh_conf.o
                0x0800e580                USBH_LL_Start
 .text.USBH_LL_Stop
                0x0800e5b6       0x36 ./USB_HOST/Target/usbh_conf.o
                0x0800e5b6                USBH_LL_Stop
 .text.USBH_LL_GetSpeed
                0x0800e5ec       0x4e ./USB_HOST/Target/usbh_conf.o
                0x0800e5ec                USBH_LL_GetSpeed
 .text.USBH_LL_ResetPort
                0x0800e63a       0x36 ./USB_HOST/Target/usbh_conf.o
                0x0800e63a                USBH_LL_ResetPort
 .text.USBH_LL_GetLastXferSize
                0x0800e670       0x26 ./USB_HOST/Target/usbh_conf.o
                0x0800e670                USBH_LL_GetLastXferSize
 .text.USBH_LL_OpenPipe
                0x0800e696       0x5e ./USB_HOST/Target/usbh_conf.o
                0x0800e696                USBH_LL_OpenPipe
 .text.USBH_LL_ClosePipe
                0x0800e6f4       0x3e ./USB_HOST/Target/usbh_conf.o
                0x0800e6f4                USBH_LL_ClosePipe
 .text.USBH_LL_SubmitURB
                0x0800e732       0x62 ./USB_HOST/Target/usbh_conf.o
                0x0800e732                USBH_LL_SubmitURB
 .text.USBH_LL_GetURBState
                0x0800e794       0x26 ./USB_HOST/Target/usbh_conf.o
                0x0800e794                USBH_LL_GetURBState
 .text.USBH_LL_DriverVBUS
                0x0800e7ba       0x2e ./USB_HOST/Target/usbh_conf.o
                0x0800e7ba                USBH_LL_DriverVBUS
 .text.USBH_LL_SetToggle
                0x0800e7e8       0x66 ./USB_HOST/Target/usbh_conf.o
                0x0800e7e8                USBH_LL_SetToggle
 .text.USBH_Delay
                0x0800e84e       0x16 ./USB_HOST/Target/usbh_conf.o
                0x0800e84e                USBH_Delay
 .text.USBH_Get_USB_Status
                0x0800e864       0x58 ./USB_HOST/Target/usbh_conf.o
                0x0800e864                USBH_Get_USB_Status
 .text.MX_DriverVbusFS
                0x0800e8bc       0x38 ./USB_HOST/Target/usbh_platform.o
                0x0800e8bc                MX_DriverVbusFS
 .text.malloc   0x0800e8f4       0x10 C:/ST/STM32CubeIDE_1.16.1/STM32CubeIDE/plugins/com.st.stm32cube.ide.mcu.externaltools.gnu-tools-for-stm32.12.3.rel1.win32_1.0.200.202406191623/tools/bin/../lib/gcc/arm-none-eabi/12.3.1/../../../../arm-none-eabi/lib/thumb/v7e-m+fp/hard\libc_nano.a(libc_a-malloc.o)
                0x0800e8f4                malloc
 .text.free     0x0800e904       0x10 C:/ST/STM32CubeIDE_1.16.1/STM32CubeIDE/plugins/com.st.stm32cube.ide.mcu.externaltools.gnu-tools-for-stm32.12.3.rel1.win32_1.0.200.202406191623/tools/bin/../lib/gcc/arm-none-eabi/12.3.1/../../../../arm-none-eabi/lib/thumb/v7e-m+fp/hard\libc_nano.a(libc_a-malloc.o)
                0x0800e904                free
 .text.sbrk_aligned
                0x0800e914       0x44 C:/ST/STM32CubeIDE_1.16.1/STM32CubeIDE/plugins/com.st.stm32cube.ide.mcu.externaltools.gnu-tools-for-stm32.12.3.rel1.win32_1.0.200.202406191623/tools/bin/../lib/gcc/arm-none-eabi/12.3.1/../../../../arm-none-eabi/lib/thumb/v7e-m+fp/hard\libc_nano.a(libc_a-mallocr.o)
 .text._malloc_r
                0x0800e958      0x100 C:/ST/STM32CubeIDE_1.16.1/STM32CubeIDE/plugins/com.st.stm32cube.ide.mcu.externaltools.gnu-tools-for-stm32.12.3.rel1.win32_1.0.200.202406191623/tools/bin/../lib/gcc/arm-none-eabi/12.3.1/../../../../arm-none-eabi/lib/thumb/v7e-m+fp/hard\libc_nano.a(libc_a-mallocr.o)
                0x0800e958                _malloc_r
 .text.__malloc_lock
                0x0800ea58        0xc C:/ST/STM32CubeIDE_1.16.1/STM32CubeIDE/plugins/com.st.stm32cube.ide.mcu.externaltools.gnu-tools-for-stm32.12.3.rel1.win32_1.0.200.202406191623/tools/bin/../lib/gcc/arm-none-eabi/12.3.1/../../../../arm-none-eabi/lib/thumb/v7e-m+fp/hard\libc_nano.a(libc_a-mlock.o)
                0x0800ea58                __malloc_lock
 .text.__malloc_unlock
                0x0800ea64        0xc C:/ST/STM32CubeIDE_1.16.1/STM32CubeIDE/plugins/com.st.stm32cube.ide.mcu.externaltools.gnu-tools-for-stm32.12.3.rel1.win32_1.0.200.202406191623/tools/bin/../lib/gcc/arm-none-eabi/12.3.1/../../../../arm-none-eabi/lib/thumb/v7e-m+fp/hard\libc_nano.a(libc_a-mlock.o)
                0x0800ea64                __malloc_unlock
 .text.__cvt    0x0800ea70       0xca C:/ST/STM32CubeIDE_1.16.1/STM32CubeIDE/plugins/com.st.stm32cube.ide.mcu.externaltools.gnu-tools-for-stm32.12.3.rel1.win32_1.0.200.202406191623/tools/bin/../lib/gcc/arm-none-eabi/12.3.1/../../../../arm-none-eabi/lib/thumb/v7e-m+fp/hard\libc_nano.a(libc_a-nano-vfprintf_float.o)
                0x0800ea70                __cvt
 .text.__exponent
                0x0800eb3a       0x74 C:/ST/STM32CubeIDE_1.16.1/STM32CubeIDE/plugins/com.st.stm32cube.ide.mcu.externaltools.gnu-tools-for-stm32.12.3.rel1.win32_1.0.200.202406191623/tools/bin/../lib/gcc/arm-none-eabi/12.3.1/../../../../arm-none-eabi/lib/thumb/v7e-m+fp/hard\libc_nano.a(libc_a-nano-vfprintf_float.o)
                0x0800eb3a                __exponent
 *fill*         0x0800ebae        0x2 
 .text._printf_float
                0x0800ebb0      0x454 C:/ST/STM32CubeIDE_1.16.1/STM32CubeIDE/plugins/com.st.stm32cube.ide.mcu.externaltools.gnu-tools-for-stm32.12.3.rel1.win32_1.0.200.202406191623/tools/bin/../lib/gcc/arm-none-eabi/12.3.1/../../../../arm-none-eabi/lib/thumb/v7e-m+fp/hard\libc_nano.a(libc_a-nano-vfprintf_float.o)
                0x0800ebb0                _printf_float
 .text._printf_common
                0x0800f004       0xda C:/ST/STM32CubeIDE_1.16.1/STM32CubeIDE/plugins/com.st.stm32cube.ide.mcu.externaltools.gnu-tools-for-stm32.12.3.rel1.win32_1.0.200.202406191623/tools/bin/../lib/gcc/arm-none-eabi/12.3.1/../../../../arm-none-eabi/lib/thumb/v7e-m+fp/hard\libc_nano.a(libc_a-nano-vfprintf_i.o)
                0x0800f004                _printf_common
 *fill*         0x0800f0de        0x2 
 .text._printf_i
                0x0800f0e0      0x240 C:/ST/STM32CubeIDE_1.16.1/STM32CubeIDE/plugins/com.st.stm32cube.ide.mcu.externaltools.gnu-tools-for-stm32.12.3.rel1.win32_1.0.200.202406191623/tools/bin/../lib/gcc/arm-none-eabi/12.3.1/../../../../arm-none-eabi/lib/thumb/v7e-m+fp/hard\libc_nano.a(libc_a-nano-vfprintf_i.o)
                0x0800f0e0                _printf_i
 .text.std      0x0800f320       0x6c C:/ST/STM32CubeIDE_1.16.1/STM32CubeIDE/plugins/com.st.stm32cube.ide.mcu.externaltools.gnu-tools-for-stm32.12.3.rel1.win32_1.0.200.202406191623/tools/bin/../lib/gcc/arm-none-eabi/12.3.1/../../../../arm-none-eabi/lib/thumb/v7e-m+fp/hard\libc_nano.a(libc_a-findfp.o)
 .text.stdio_exit_handler
                0x0800f38c       0x18 C:/ST/STM32CubeIDE_1.16.1/STM32CubeIDE/plugins/com.st.stm32cube.ide.mcu.externaltools.gnu-tools-for-stm32.12.3.rel1.win32_1.0.200.202406191623/tools/bin/../lib/gcc/arm-none-eabi/12.3.1/../../../../arm-none-eabi/lib/thumb/v7e-m+fp/hard\libc_nano.a(libc_a-findfp.o)
 .text.cleanup_stdio
                0x0800f3a4       0x40 C:/ST/STM32CubeIDE_1.16.1/STM32CubeIDE/plugins/com.st.stm32cube.ide.mcu.externaltools.gnu-tools-for-stm32.12.3.rel1.win32_1.0.200.202406191623/tools/bin/../lib/gcc/arm-none-eabi/12.3.1/../../../../arm-none-eabi/lib/thumb/v7e-m+fp/hard\libc_nano.a(libc_a-findfp.o)
 .text.global_stdio_init.part.0
                0x0800f3e4       0x3c C:/ST/STM32CubeIDE_1.16.1/STM32CubeIDE/plugins/com.st.stm32cube.ide.mcu.externaltools.gnu-tools-for-stm32.12.3.rel1.win32_1.0.200.202406191623/tools/bin/../lib/gcc/arm-none-eabi/12.3.1/../../../../arm-none-eabi/lib/thumb/v7e-m+fp/hard\libc_nano.a(libc_a-findfp.o)
 .text.__sfp_lock_acquire
                0x0800f420        0xc C:/ST/STM32CubeIDE_1.16.1/STM32CubeIDE/plugins/com.st.stm32cube.ide.mcu.externaltools.gnu-tools-for-stm32.12.3.rel1.win32_1.0.200.202406191623/tools/bin/../lib/gcc/arm-none-eabi/12.3.1/../../../../arm-none-eabi/lib/thumb/v7e-m+fp/hard\libc_nano.a(libc_a-findfp.o)
                0x0800f420                __sfp_lock_acquire
 .text.__sfp_lock_release
                0x0800f42c        0xc C:/ST/STM32CubeIDE_1.16.1/STM32CubeIDE/plugins/com.st.stm32cube.ide.mcu.externaltools.gnu-tools-for-stm32.12.3.rel1.win32_1.0.200.202406191623/tools/bin/../lib/gcc/arm-none-eabi/12.3.1/../../../../arm-none-eabi/lib/thumb/v7e-m+fp/hard\libc_nano.a(libc_a-findfp.o)
                0x0800f42c                __sfp_lock_release
 .text.__sinit  0x0800f438       0x30 C:/ST/STM32CubeIDE_1.16.1/STM32CubeIDE/plugins/com.st.stm32cube.ide.mcu.externaltools.gnu-tools-for-stm32.12.3.rel1.win32_1.0.200.202406191623/tools/bin/../lib/gcc/arm-none-eabi/12.3.1/../../../../arm-none-eabi/lib/thumb/v7e-m+fp/hard\libc_nano.a(libc_a-findfp.o)
                0x0800f438                __sinit
 .text._fwalk_sglue
                0x0800f468       0x3c C:/ST/STM32CubeIDE_1.16.1/STM32CubeIDE/plugins/com.st.stm32cube.ide.mcu.externaltools.gnu-tools-for-stm32.12.3.rel1.win32_1.0.200.202406191623/tools/bin/../lib/gcc/arm-none-eabi/12.3.1/../../../../arm-none-eabi/lib/thumb/v7e-m+fp/hard\libc_nano.a(libc_a-fwalk.o)
                0x0800f468                _fwalk_sglue
 .text.printf   0x0800f4a4       0x24 C:/ST/STM32CubeIDE_1.16.1/STM32CubeIDE/plugins/com.st.stm32cube.ide.mcu.externaltools.gnu-tools-for-stm32.12.3.rel1.win32_1.0.200.202406191623/tools/bin/../lib/gcc/arm-none-eabi/12.3.1/../../../../arm-none-eabi/lib/thumb/v7e-m+fp/hard\libc_nano.a(libc_a-printf.o)
                0x0800f4a4                iprintf
                0x0800f4a4                printf
 .text._puts_r  0x0800f4c8       0xaa C:/ST/STM32CubeIDE_1.16.1/STM32CubeIDE/plugins/com.st.stm32cube.ide.mcu.externaltools.gnu-tools-for-stm32.12.3.rel1.win32_1.0.200.202406191623/tools/bin/../lib/gcc/arm-none-eabi/12.3.1/../../../../arm-none-eabi/lib/thumb/v7e-m+fp/hard\libc_nano.a(libc_a-puts.o)
                0x0800f4c8                _puts_r
 *fill*         0x0800f572        0x2 
 .text.puts     0x0800f574       0x10 C:/ST/STM32CubeIDE_1.16.1/STM32CubeIDE/plugins/com.st.stm32cube.ide.mcu.externaltools.gnu-tools-for-stm32.12.3.rel1.win32_1.0.200.202406191623/tools/bin/../lib/gcc/arm-none-eabi/12.3.1/../../../../arm-none-eabi/lib/thumb/v7e-m+fp/hard\libc_nano.a(libc_a-puts.o)
                0x0800f574                puts
 .text.sprintf  0x0800f584       0x40 C:/ST/STM32CubeIDE_1.16.1/STM32CubeIDE/plugins/com.st.stm32cube.ide.mcu.externaltools.gnu-tools-for-stm32.12.3.rel1.win32_1.0.200.202406191623/tools/bin/../lib/gcc/arm-none-eabi/12.3.1/../../../../arm-none-eabi/lib/thumb/v7e-m+fp/hard\libc_nano.a(libc_a-sprintf.o)
                0x0800f584                siprintf
                0x0800f584                sprintf
 .text.__sread  0x0800f5c4       0x22 C:/ST/STM32CubeIDE_1.16.1/STM32CubeIDE/plugins/com.st.stm32cube.ide.mcu.externaltools.gnu-tools-for-stm32.12.3.rel1.win32_1.0.200.202406191623/tools/bin/../lib/gcc/arm-none-eabi/12.3.1/../../../../arm-none-eabi/lib/thumb/v7e-m+fp/hard\libc_nano.a(libc_a-stdio.o)
                0x0800f5c4                __sread
 .text.__swrite
                0x0800f5e6       0x38 C:/ST/STM32CubeIDE_1.16.1/STM32CubeIDE/plugins/com.st.stm32cube.ide.mcu.externaltools.gnu-tools-for-stm32.12.3.rel1.win32_1.0.200.202406191623/tools/bin/../lib/gcc/arm-none-eabi/12.3.1/../../../../arm-none-eabi/lib/thumb/v7e-m+fp/hard\libc_nano.a(libc_a-stdio.o)
                0x0800f5e6                __swrite
 .text.__sseek  0x0800f61e       0x24 C:/ST/STM32CubeIDE_1.16.1/STM32CubeIDE/plugins/com.st.stm32cube.ide.mcu.externaltools.gnu-tools-for-stm32.12.3.rel1.win32_1.0.200.202406191623/tools/bin/../lib/gcc/arm-none-eabi/12.3.1/../../../../arm-none-eabi/lib/thumb/v7e-m+fp/hard\libc_nano.a(libc_a-stdio.o)
                0x0800f61e                __sseek
 .text.__sclose
                0x0800f642        0x8 C:/ST/STM32CubeIDE_1.16.1/STM32CubeIDE/plugins/com.st.stm32cube.ide.mcu.externaltools.gnu-tools-for-stm32.12.3.rel1.win32_1.0.200.202406191623/tools/bin/../lib/gcc/arm-none-eabi/12.3.1/../../../../arm-none-eabi/lib/thumb/v7e-m+fp/hard\libc_nano.a(libc_a-stdio.o)
                0x0800f642                __sclose
 .text.__swbuf_r
                0x0800f64a       0x7c C:/ST/STM32CubeIDE_1.16.1/STM32CubeIDE/plugins/com.st.stm32cube.ide.mcu.externaltools.gnu-tools-for-stm32.12.3.rel1.win32_1.0.200.202406191623/tools/bin/../lib/gcc/arm-none-eabi/12.3.1/../../../../arm-none-eabi/lib/thumb/v7e-m+fp/hard\libc_nano.a(libc_a-wbuf.o)
                0x0800f64a                __swbuf_r
 *fill*         0x0800f6c6        0x2 
 .text.__swsetup_r
                0x0800f6c8       0xac C:/ST/STM32CubeIDE_1.16.1/STM32CubeIDE/plugins/com.st.stm32cube.ide.mcu.externaltools.gnu-tools-for-stm32.12.3.rel1.win32_1.0.200.202406191623/tools/bin/../lib/gcc/arm-none-eabi/12.3.1/../../../../arm-none-eabi/lib/thumb/v7e-m+fp/hard\libc_nano.a(libc_a-wsetup.o)
                0x0800f6c8                __swsetup_r
 .text.memset   0x0800f774       0x10 C:/ST/STM32CubeIDE_1.16.1/STM32CubeIDE/plugins/com.st.stm32cube.ide.mcu.externaltools.gnu-tools-for-stm32.12.3.rel1.win32_1.0.200.202406191623/tools/bin/../lib/gcc/arm-none-eabi/12.3.1/../../../../arm-none-eabi/lib/thumb/v7e-m+fp/hard\libc_nano.a(libc_a-memset.o)
                0x0800f774                memset
 .text._localeconv_r
                0x0800f784        0x8 C:/ST/STM32CubeIDE_1.16.1/STM32CubeIDE/plugins/com.st.stm32cube.ide.mcu.externaltools.gnu-tools-for-stm32.12.3.rel1.win32_1.0.200.202406191623/tools/bin/../lib/gcc/arm-none-eabi/12.3.1/../../../../arm-none-eabi/lib/thumb/v7e-m+fp/hard\libc_nano.a(libc_a-localeconv.o)
                0x0800f784                _localeconv_r
 .text._close_r
                0x0800f78c       0x20 C:/ST/STM32CubeIDE_1.16.1/STM32CubeIDE/plugins/com.st.stm32cube.ide.mcu.externaltools.gnu-tools-for-stm32.12.3.rel1.win32_1.0.200.202406191623/tools/bin/../lib/gcc/arm-none-eabi/12.3.1/../../../../arm-none-eabi/lib/thumb/v7e-m+fp/hard\libc_nano.a(libc_a-closer.o)
                0x0800f78c                _close_r
 .text._lseek_r
                0x0800f7ac       0x24 C:/ST/STM32CubeIDE_1.16.1/STM32CubeIDE/plugins/com.st.stm32cube.ide.mcu.externaltools.gnu-tools-for-stm32.12.3.rel1.win32_1.0.200.202406191623/tools/bin/../lib/gcc/arm-none-eabi/12.3.1/../../../../arm-none-eabi/lib/thumb/v7e-m+fp/hard\libc_nano.a(libc_a-lseekr.o)
                0x0800f7ac                _lseek_r
 .text._read_r  0x0800f7d0       0x24 C:/ST/STM32CubeIDE_1.16.1/STM32CubeIDE/plugins/com.st.stm32cube.ide.mcu.externaltools.gnu-tools-for-stm32.12.3.rel1.win32_1.0.200.202406191623/tools/bin/../lib/gcc/arm-none-eabi/12.3.1/../../../../arm-none-eabi/lib/thumb/v7e-m+fp/hard\libc_nano.a(libc_a-readr.o)
                0x0800f7d0                _read_r
 .text._sbrk_r  0x0800f7f4       0x20 C:/ST/STM32CubeIDE_1.16.1/STM32CubeIDE/plugins/com.st.stm32cube.ide.mcu.externaltools.gnu-tools-for-stm32.12.3.rel1.win32_1.0.200.202406191623/tools/bin/../lib/gcc/arm-none-eabi/12.3.1/../../../../arm-none-eabi/lib/thumb/v7e-m+fp/hard\libc_nano.a(libc_a-sbrkr.o)
                0x0800f7f4                _sbrk_r
 .text._write_r
                0x0800f814       0x24 C:/ST/STM32CubeIDE_1.16.1/STM32CubeIDE/plugins/com.st.stm32cube.ide.mcu.externaltools.gnu-tools-for-stm32.12.3.rel1.win32_1.0.200.202406191623/tools/bin/../lib/gcc/arm-none-eabi/12.3.1/../../../../arm-none-eabi/lib/thumb/v7e-m+fp/hard\libc_nano.a(libc_a-writer.o)
                0x0800f814                _write_r
 .text.__errno  0x0800f838        0xc C:/ST/STM32CubeIDE_1.16.1/STM32CubeIDE/plugins/com.st.stm32cube.ide.mcu.externaltools.gnu-tools-for-stm32.12.3.rel1.win32_1.0.200.202406191623/tools/bin/../lib/gcc/arm-none-eabi/12.3.1/../../../../arm-none-eabi/lib/thumb/v7e-m+fp/hard\libc_nano.a(libc_a-errno.o)
                0x0800f838                __errno
 .text.__libc_init_array
                0x0800f844       0x48 C:/ST/STM32CubeIDE_1.16.1/STM32CubeIDE/plugins/com.st.stm32cube.ide.mcu.externaltools.gnu-tools-for-stm32.12.3.rel1.win32_1.0.200.202406191623/tools/bin/../lib/gcc/arm-none-eabi/12.3.1/../../../../arm-none-eabi/lib/thumb/v7e-m+fp/hard\libc_nano.a(libc_a-init.o)
                0x0800f844                __libc_init_array
 .text.__retarget_lock_init_recursive
                0x0800f88c        0x2 C:/ST/STM32CubeIDE_1.16.1/STM32CubeIDE/plugins/com.st.stm32cube.ide.mcu.externaltools.gnu-tools-for-stm32.12.3.rel1.win32_1.0.200.202406191623/tools/bin/../lib/gcc/arm-none-eabi/12.3.1/../../../../arm-none-eabi/lib/thumb/v7e-m+fp/hard\libc_nano.a(libc_a-lock.o)
                0x0800f88c                __retarget_lock_init_recursive
 .text.__retarget_lock_acquire_recursive
                0x0800f88e        0x2 C:/ST/STM32CubeIDE_1.16.1/STM32CubeIDE/plugins/com.st.stm32cube.ide.mcu.externaltools.gnu-tools-for-stm32.12.3.rel1.win32_1.0.200.202406191623/tools/bin/../lib/gcc/arm-none-eabi/12.3.1/../../../../arm-none-eabi/lib/thumb/v7e-m+fp/hard\libc_nano.a(libc_a-lock.o)
                0x0800f88e                __retarget_lock_acquire_recursive
 .text.__retarget_lock_release_recursive
                0x0800f890        0x2 C:/ST/STM32CubeIDE_1.16.1/STM32CubeIDE/plugins/com.st.stm32cube.ide.mcu.externaltools.gnu-tools-for-stm32.12.3.rel1.win32_1.0.200.202406191623/tools/bin/../lib/gcc/arm-none-eabi/12.3.1/../../../../arm-none-eabi/lib/thumb/v7e-m+fp/hard\libc_nano.a(libc_a-lock.o)
                0x0800f890                __retarget_lock_release_recursive
 .text.memcpy   0x0800f892       0x1c C:/ST/STM32CubeIDE_1.16.1/STM32CubeIDE/plugins/com.st.stm32cube.ide.mcu.externaltools.gnu-tools-for-stm32.12.3.rel1.win32_1.0.200.202406191623/tools/bin/../lib/gcc/arm-none-eabi/12.3.1/../../../../arm-none-eabi/lib/thumb/v7e-m+fp/hard\libc_nano.a(libc_a-memcpy-stub.o)
                0x0800f892                memcpy
 .text.quorem   0x0800f8ae      0x110 C:/ST/STM32CubeIDE_1.16.1/STM32CubeIDE/plugins/com.st.stm32cube.ide.mcu.externaltools.gnu-tools-for-stm32.12.3.rel1.win32_1.0.200.202406191623/tools/bin/../lib/gcc/arm-none-eabi/12.3.1/../../../../arm-none-eabi/lib/thumb/v7e-m+fp/hard\libc_nano.a(libc_a-dtoa.o)
 *fill*         0x0800f9be        0x2 
 .text._dtoa_r  0x0800f9c0      0xb88 C:/ST/STM32CubeIDE_1.16.1/STM32CubeIDE/plugins/com.st.stm32cube.ide.mcu.externaltools.gnu-tools-for-stm32.12.3.rel1.win32_1.0.200.202406191623/tools/bin/../lib/gcc/arm-none-eabi/12.3.1/../../../../arm-none-eabi/lib/thumb/v7e-m+fp/hard\libc_nano.a(libc_a-dtoa.o)
                0x0800f9c0                _dtoa_r
 .text._free_r  0x08010548       0x94 C:/ST/STM32CubeIDE_1.16.1/STM32CubeIDE/plugins/com.st.stm32cube.ide.mcu.externaltools.gnu-tools-for-stm32.12.3.rel1.win32_1.0.200.202406191623/tools/bin/../lib/gcc/arm-none-eabi/12.3.1/../../../../arm-none-eabi/lib/thumb/v7e-m+fp/hard\libc_nano.a(libc_a-freer.o)
                0x08010548                _free_r
 .text._Balloc  0x080105dc       0x80 C:/ST/STM32CubeIDE_1.16.1/STM32CubeIDE/plugins/com.st.stm32cube.ide.mcu.externaltools.gnu-tools-for-stm32.12.3.rel1.win32_1.0.200.202406191623/tools/bin/../lib/gcc/arm-none-eabi/12.3.1/../../../../arm-none-eabi/lib/thumb/v7e-m+fp/hard\libc_nano.a(libc_a-mprec.o)
                0x080105dc                _Balloc
 .text._Bfree   0x0801065c       0x44 C:/ST/STM32CubeIDE_1.16.1/STM32CubeIDE/plugins/com.st.stm32cube.ide.mcu.externaltools.gnu-tools-for-stm32.12.3.rel1.win32_1.0.200.202406191623/tools/bin/../lib/gcc/arm-none-eabi/12.3.1/../../../../arm-none-eabi/lib/thumb/v7e-m+fp/hard\libc_nano.a(libc_a-mprec.o)
                0x0801065c                _Bfree
 .text.__multadd
                0x080106a0       0x8c C:/ST/STM32CubeIDE_1.16.1/STM32CubeIDE/plugins/com.st.stm32cube.ide.mcu.externaltools.gnu-tools-for-stm32.12.3.rel1.win32_1.0.200.202406191623/tools/bin/../lib/gcc/arm-none-eabi/12.3.1/../../../../arm-none-eabi/lib/thumb/v7e-m+fp/hard\libc_nano.a(libc_a-mprec.o)
                0x080106a0                __multadd
 .text.__hi0bits
                0x0801072c       0x3e C:/ST/STM32CubeIDE_1.16.1/STM32CubeIDE/plugins/com.st.stm32cube.ide.mcu.externaltools.gnu-tools-for-stm32.12.3.rel1.win32_1.0.200.202406191623/tools/bin/../lib/gcc/arm-none-eabi/12.3.1/../../../../arm-none-eabi/lib/thumb/v7e-m+fp/hard\libc_nano.a(libc_a-mprec.o)
                0x0801072c                __hi0bits
 .text.__lo0bits
                0x0801076a       0x5a C:/ST/STM32CubeIDE_1.16.1/STM32CubeIDE/plugins/com.st.stm32cube.ide.mcu.externaltools.gnu-tools-for-stm32.12.3.rel1.win32_1.0.200.202406191623/tools/bin/../lib/gcc/arm-none-eabi/12.3.1/../../../../arm-none-eabi/lib/thumb/v7e-m+fp/hard\libc_nano.a(libc_a-mprec.o)
                0x0801076a                __lo0bits
 .text.__i2b    0x080107c4       0x2c C:/ST/STM32CubeIDE_1.16.1/STM32CubeIDE/plugins/com.st.stm32cube.ide.mcu.externaltools.gnu-tools-for-stm32.12.3.rel1.win32_1.0.200.202406191623/tools/bin/../lib/gcc/arm-none-eabi/12.3.1/../../../../arm-none-eabi/lib/thumb/v7e-m+fp/hard\libc_nano.a(libc_a-mprec.o)
                0x080107c4                __i2b
 .text.__multiply
                0x080107f0      0x154 C:/ST/STM32CubeIDE_1.16.1/STM32CubeIDE/plugins/com.st.stm32cube.ide.mcu.externaltools.gnu-tools-for-stm32.12.3.rel1.win32_1.0.200.202406191623/tools/bin/../lib/gcc/arm-none-eabi/12.3.1/../../../../arm-none-eabi/lib/thumb/v7e-m+fp/hard\libc_nano.a(libc_a-mprec.o)
                0x080107f0                __multiply
 .text.__pow5mult
                0x08010944       0xb4 C:/ST/STM32CubeIDE_1.16.1/STM32CubeIDE/plugins/com.st.stm32cube.ide.mcu.externaltools.gnu-tools-for-stm32.12.3.rel1.win32_1.0.200.202406191623/tools/bin/../lib/gcc/arm-none-eabi/12.3.1/../../../../arm-none-eabi/lib/thumb/v7e-m+fp/hard\libc_nano.a(libc_a-mprec.o)
                0x08010944                __pow5mult
 .text.__lshift
                0x080109f8       0xd8 C:/ST/STM32CubeIDE_1.16.1/STM32CubeIDE/plugins/com.st.stm32cube.ide.mcu.externaltools.gnu-tools-for-stm32.12.3.rel1.win32_1.0.200.202406191623/tools/bin/../lib/gcc/arm-none-eabi/12.3.1/../../../../arm-none-eabi/lib/thumb/v7e-m+fp/hard\libc_nano.a(libc_a-mprec.o)
                0x080109f8                __lshift
 .text.__mcmp   0x08010ad0       0x36 C:/ST/STM32CubeIDE_1.16.1/STM32CubeIDE/plugins/com.st.stm32cube.ide.mcu.externaltools.gnu-tools-for-stm32.12.3.rel1.win32_1.0.200.202406191623/tools/bin/../lib/gcc/arm-none-eabi/12.3.1/../../../../arm-none-eabi/lib/thumb/v7e-m+fp/hard\libc_nano.a(libc_a-mprec.o)
                0x08010ad0                __mcmp
 *fill*         0x08010b06        0x2 
 .text.__mdiff  0x08010b08      0x128 C:/ST/STM32CubeIDE_1.16.1/STM32CubeIDE/plugins/com.st.stm32cube.ide.mcu.externaltools.gnu-tools-for-stm32.12.3.rel1.win32_1.0.200.202406191623/tools/bin/../lib/gcc/arm-none-eabi/12.3.1/../../../../arm-none-eabi/lib/thumb/v7e-m+fp/hard\libc_nano.a(libc_a-mprec.o)
                0x08010b08                __mdiff
 .text.__d2b    0x08010c30       0xb0 C:/ST/STM32CubeIDE_1.16.1/STM32CubeIDE/plugins/com.st.stm32cube.ide.mcu.externaltools.gnu-tools-for-stm32.12.3.rel1.win32_1.0.200.202406191623/tools/bin/../lib/gcc/arm-none-eabi/12.3.1/../../../../arm-none-eabi/lib/thumb/v7e-m+fp/hard\libc_nano.a(libc_a-mprec.o)
                0x08010c30                __d2b
 .text.__ssputs_r
                0x08010ce0       0xb6 C:/ST/STM32CubeIDE_1.16.1/STM32CubeIDE/plugins/com.st.stm32cube.ide.mcu.externaltools.gnu-tools-for-stm32.12.3.rel1.win32_1.0.200.202406191623/tools/bin/../lib/gcc/arm-none-eabi/12.3.1/../../../../arm-none-eabi/lib/thumb/v7e-m+fp/hard\libc_nano.a(libc_a-nano-svfprintf.o)
                0x08010ce0                __ssputs_r
 *fill*         0x08010d96        0x2 
 .text._svfprintf_r
                0x08010d98      0x1f8 C:/ST/STM32CubeIDE_1.16.1/STM32CubeIDE/plugins/com.st.stm32cube.ide.mcu.externaltools.gnu-tools-for-stm32.12.3.rel1.win32_1.0.200.202406191623/tools/bin/../lib/gcc/arm-none-eabi/12.3.1/../../../../arm-none-eabi/lib/thumb/v7e-m+fp/hard\libc_nano.a(libc_a-nano-svfprintf.o)
                0x08010d98                _svfiprintf_r
                0x08010d98                _svfprintf_r
 .text.__sfputc_r
                0x08010f90       0x2e C:/ST/STM32CubeIDE_1.16.1/STM32CubeIDE/plugins/com.st.stm32cube.ide.mcu.externaltools.gnu-tools-for-stm32.12.3.rel1.win32_1.0.200.202406191623/tools/bin/../lib/gcc/arm-none-eabi/12.3.1/../../../../arm-none-eabi/lib/thumb/v7e-m+fp/hard\libc_nano.a(libc_a-nano-vfprintf.o)
 .text.__sfputs_r
                0x08010fbe       0x24 C:/ST/STM32CubeIDE_1.16.1/STM32CubeIDE/plugins/com.st.stm32cube.ide.mcu.externaltools.gnu-tools-for-stm32.12.3.rel1.win32_1.0.200.202406191623/tools/bin/../lib/gcc/arm-none-eabi/12.3.1/../../../../arm-none-eabi/lib/thumb/v7e-m+fp/hard\libc_nano.a(libc_a-nano-vfprintf.o)
                0x08010fbe                __sfputs_r
 *fill*         0x08010fe2        0x2 
 .text._vfprintf_r
                0x08010fe4      0x230 C:/ST/STM32CubeIDE_1.16.1/STM32CubeIDE/plugins/com.st.stm32cube.ide.mcu.externaltools.gnu-tools-for-stm32.12.3.rel1.win32_1.0.200.202406191623/tools/bin/../lib/gcc/arm-none-eabi/12.3.1/../../../../arm-none-eabi/lib/thumb/v7e-m+fp/hard\libc_nano.a(libc_a-nano-vfprintf.o)
                0x08010fe4                _vfprintf_r
                0x08010fe4                _vfiprintf_r
 .text.__sflush_r
                0x08011214      0x108 C:/ST/STM32CubeIDE_1.16.1/STM32CubeIDE/plugins/com.st.stm32cube.ide.mcu.externaltools.gnu-tools-for-stm32.12.3.rel1.win32_1.0.200.202406191623/tools/bin/../lib/gcc/arm-none-eabi/12.3.1/../../../../arm-none-eabi/lib/thumb/v7e-m+fp/hard\libc_nano.a(libc_a-fflush.o)
                0x08011214                __sflush_r
 .text._fflush_r
                0x0801131c       0x50 C:/ST/STM32CubeIDE_1.16.1/STM32CubeIDE/plugins/com.st.stm32cube.ide.mcu.externaltools.gnu-tools-for-stm32.12.3.rel1.win32_1.0.200.202406191623/tools/bin/../lib/gcc/arm-none-eabi/12.3.1/../../../../arm-none-eabi/lib/thumb/v7e-m+fp/hard\libc_nano.a(libc_a-fflush.o)
                0x0801131c                _fflush_r
 .text.__swhatbuf_r
                0x0801136c       0x4c C:/ST/STM32CubeIDE_1.16.1/STM32CubeIDE/plugins/com.st.stm32cube.ide.mcu.externaltools.gnu-tools-for-stm32.12.3.rel1.win32_1.0.200.202406191623/tools/bin/../lib/gcc/arm-none-eabi/12.3.1/../../../../arm-none-eabi/lib/thumb/v7e-m+fp/hard\libc_nano.a(libc_a-makebuf.o)
                0x0801136c                __swhatbuf_r
 .text.__smakebuf_r
                0x080113b8       0x78 C:/ST/STM32CubeIDE_1.16.1/STM32CubeIDE/plugins/com.st.stm32cube.ide.mcu.externaltools.gnu-tools-for-stm32.12.3.rel1.win32_1.0.200.202406191623/tools/bin/../lib/gcc/arm-none-eabi/12.3.1/../../../../arm-none-eabi/lib/thumb/v7e-m+fp/hard\libc_nano.a(libc_a-makebuf.o)
                0x080113b8                __smakebuf_r
 .text.memmove  0x08011430       0x34 C:/ST/STM32CubeIDE_1.16.1/STM32CubeIDE/plugins/com.st.stm32cube.ide.mcu.externaltools.gnu-tools-for-stm32.12.3.rel1.win32_1.0.200.202406191623/tools/bin/../lib/gcc/arm-none-eabi/12.3.1/../../../../arm-none-eabi/lib/thumb/v7e-m+fp/hard\libc_nano.a(libc_a-memmove.o)
                0x08011430                memmove
 .text._fstat_r
                0x08011464       0x24 C:/ST/STM32CubeIDE_1.16.1/STM32CubeIDE/plugins/com.st.stm32cube.ide.mcu.externaltools.gnu-tools-for-stm32.12.3.rel1.win32_1.0.200.202406191623/tools/bin/../lib/gcc/arm-none-eabi/12.3.1/../../../../arm-none-eabi/lib/thumb/v7e-m+fp/hard\libc_nano.a(libc_a-fstatr.o)
                0x08011464                _fstat_r
 .text._isatty_r
                0x08011488       0x20 C:/ST/STM32CubeIDE_1.16.1/STM32CubeIDE/plugins/com.st.stm32cube.ide.mcu.externaltools.gnu-tools-for-stm32.12.3.rel1.win32_1.0.200.202406191623/tools/bin/../lib/gcc/arm-none-eabi/12.3.1/../../../../arm-none-eabi/lib/thumb/v7e-m+fp/hard\libc_nano.a(libc_a-isattyr.o)
                0x08011488                _isatty_r
 .text.__assert_func
                0x080114a8       0x3c C:/ST/STM32CubeIDE_1.16.1/STM32CubeIDE/plugins/com.st.stm32cube.ide.mcu.externaltools.gnu-tools-for-stm32.12.3.rel1.win32_1.0.200.202406191623/tools/bin/../lib/gcc/arm-none-eabi/12.3.1/../../../../arm-none-eabi/lib/thumb/v7e-m+fp/hard\libc_nano.a(libc_a-assert.o)
                0x080114a8                __assert_func
 .text._calloc_r
                0x080114e4       0x28 C:/ST/STM32CubeIDE_1.16.1/STM32CubeIDE/plugins/com.st.stm32cube.ide.mcu.externaltools.gnu-tools-for-stm32.12.3.rel1.win32_1.0.200.202406191623/tools/bin/../lib/gcc/arm-none-eabi/12.3.1/../../../../arm-none-eabi/lib/thumb/v7e-m+fp/hard\libc_nano.a(libc_a-callocr.o)
                0x080114e4                _calloc_r
 .text.__ascii_mbtowc
                0x0801150c       0x24 C:/ST/STM32CubeIDE_1.16.1/STM32CubeIDE/plugins/com.st.stm32cube.ide.mcu.externaltools.gnu-tools-for-stm32.12.3.rel1.win32_1.0.200.202406191623/tools/bin/../lib/gcc/arm-none-eabi/12.3.1/../../../../arm-none-eabi/lib/thumb/v7e-m+fp/hard\libc_nano.a(libc_a-mbtowc_r.o)
                0x0801150c                __ascii_mbtowc
 .text._realloc_r
                0x08011530       0x5c C:/ST/STM32CubeIDE_1.16.1/STM32CubeIDE/plugins/com.st.stm32cube.ide.mcu.externaltools.gnu-tools-for-stm32.12.3.rel1.win32_1.0.200.202406191623/tools/bin/../lib/gcc/arm-none-eabi/12.3.1/../../../../arm-none-eabi/lib/thumb/v7e-m+fp/hard\libc_nano.a(libc_a-reallocr.o)
                0x08011530                _realloc_r
 .text.__ascii_wctomb
                0x0801158c       0x1a C:/ST/STM32CubeIDE_1.16.1/STM32CubeIDE/plugins/com.st.stm32cube.ide.mcu.externaltools.gnu-tools-for-stm32.12.3.rel1.win32_1.0.200.202406191623/tools/bin/../lib/gcc/arm-none-eabi/12.3.1/../../../../arm-none-eabi/lib/thumb/v7e-m+fp/hard\libc_nano.a(libc_a-wctomb_r.o)
                0x0801158c                __ascii_wctomb
 *fill*         0x080115a6        0x2 
 .text.fprintf  0x080115a8       0x24 C:/ST/STM32CubeIDE_1.16.1/STM32CubeIDE/plugins/com.st.stm32cube.ide.mcu.externaltools.gnu-tools-for-stm32.12.3.rel1.win32_1.0.200.202406191623/tools/bin/../lib/gcc/arm-none-eabi/12.3.1/../../../../arm-none-eabi/lib/thumb/v7e-m+fp/hard\libc_nano.a(libc_a-fprintf.o)
                0x080115a8                fiprintf
                0x080115a8                fprintf
 .text.abort    0x080115cc        0xe C:/ST/STM32CubeIDE_1.16.1/STM32CubeIDE/plugins/com.st.stm32cube.ide.mcu.externaltools.gnu-tools-for-stm32.12.3.rel1.win32_1.0.200.202406191623/tools/bin/../lib/gcc/arm-none-eabi/12.3.1/../../../../arm-none-eabi/lib/thumb/v7e-m+fp/hard\libc_nano.a(libc_a-abort.o)
                0x080115cc                abort
 .text._malloc_usable_size_r
                0x080115da       0x10 C:/ST/STM32CubeIDE_1.16.1/STM32CubeIDE/plugins/com.st.stm32cube.ide.mcu.externaltools.gnu-tools-for-stm32.12.3.rel1.win32_1.0.200.202406191623/tools/bin/../lib/gcc/arm-none-eabi/12.3.1/../../../../arm-none-eabi/lib/thumb/v7e-m+fp/hard\libc_nano.a(libc_a-msizer.o)
                0x080115da                _malloc_usable_size_r
 .text._raise_r
                0x080115ea       0x50 C:/ST/STM32CubeIDE_1.16.1/STM32CubeIDE/plugins/com.st.stm32cube.ide.mcu.externaltools.gnu-tools-for-stm32.12.3.rel1.win32_1.0.200.202406191623/tools/bin/../lib/gcc/arm-none-eabi/12.3.1/../../../../arm-none-eabi/lib/thumb/v7e-m+fp/hard\libc_nano.a(libc_a-signal.o)
                0x080115ea                _raise_r
 *fill*         0x0801163a        0x2 
 .text.raise    0x0801163c       0x10 C:/ST/STM32CubeIDE_1.16.1/STM32CubeIDE/plugins/com.st.stm32cube.ide.mcu.externaltools.gnu-tools-for-stm32.12.3.rel1.win32_1.0.200.202406191623/tools/bin/../lib/gcc/arm-none-eabi/12.3.1/../../../../arm-none-eabi/lib/thumb/v7e-m+fp/hard\libc_nano.a(libc_a-signal.o)
                0x0801163c                raise
 .text._kill_r  0x0801164c       0x24 C:/ST/STM32CubeIDE_1.16.1/STM32CubeIDE/plugins/com.st.stm32cube.ide.mcu.externaltools.gnu-tools-for-stm32.12.3.rel1.win32_1.0.200.202406191623/tools/bin/../lib/gcc/arm-none-eabi/12.3.1/../../../../arm-none-eabi/lib/thumb/v7e-m+fp/hard\libc_nano.a(libc_a-signalr.o)
                0x0801164c                _kill_r
 .text._getpid_r
                0x08011670        0x4 C:/ST/STM32CubeIDE_1.16.1/STM32CubeIDE/plugins/com.st.stm32cube.ide.mcu.externaltools.gnu-tools-for-stm32.12.3.rel1.win32_1.0.200.202406191623/tools/bin/../lib/gcc/arm-none-eabi/12.3.1/../../../../arm-none-eabi/lib/thumb/v7e-m+fp/hard\libc_nano.a(libc_a-signalr.o)
                0x08011670                _getpid_r
 *(.glue_7)
 .glue_7        0x08011674        0x0 linker stubs
 *(.glue_7t)
 .glue_7t       0x08011674        0x0 linker stubs
 *(.eh_frame)
 .eh_frame      0x08011674        0x0 C:/ST/STM32CubeIDE_1.16.1/STM32CubeIDE/plugins/com.st.stm32cube.ide.mcu.externaltools.gnu-tools-for-stm32.12.3.rel1.win32_1.0.200.202406191623/tools/bin/../lib/gcc/arm-none-eabi/12.3.1/thumb/v7e-m+fp/hard/crtbegin.o
 *(.init)
 .init          0x08011674        0x4 C:/ST/STM32CubeIDE_1.16.1/STM32CubeIDE/plugins/com.st.stm32cube.ide.mcu.externaltools.gnu-tools-for-stm32.12.3.rel1.win32_1.0.200.202406191623/tools/bin/../lib/gcc/arm-none-eabi/12.3.1/thumb/v7e-m+fp/hard/crti.o
                0x08011674                _init
 .init          0x08011678        0x8 C:/ST/STM32CubeIDE_1.16.1/STM32CubeIDE/plugins/com.st.stm32cube.ide.mcu.externaltools.gnu-tools-for-stm32.12.3.rel1.win32_1.0.200.202406191623/tools/bin/../lib/gcc/arm-none-eabi/12.3.1/thumb/v7e-m+fp/hard/crtn.o
 *(.fini)
 .fini          0x08011680        0x4 C:/ST/STM32CubeIDE_1.16.1/STM32CubeIDE/plugins/com.st.stm32cube.ide.mcu.externaltools.gnu-tools-for-stm32.12.3.rel1.win32_1.0.200.202406191623/tools/bin/../lib/gcc/arm-none-eabi/12.3.1/thumb/v7e-m+fp/hard/crti.o
                0x08011680                _fini