../Core/Src/main.c:81:5:_write	24	static
../Core/Src/main.c:86:6:printAddress	24	static
../Core/Src/main.c:99:5:main	56	static
../Core/Src/main.c:197:6:SystemClock_Config	88	static
../Core/Src/main.c:242:6:PeriphCommonClock_Config	32	static
../Core/Src/main.c:263:13:MX_I2C1_Init	8	static
../Core/Src/main.c:297:13:MX_I2S2_Init	8	static
../Core/Src/main.c:331:13:MX_I2S3_Init	8	static
../Core/Src/main.c:365:13:MX_SPI1_Init	8	static
../Core/Src/main.c:403:13:MX_USART1_UART_Init	8	static
../Core/Src/main.c:438:13:MX_USART2_UART_Init	8	static
../Core/Src/main.c:469:13:MX_DMA_Init	16	static
../Core/Src/main.c:490:13:MX_GPIO_Init	56	static
../Core/Src/main.c:567:6:Error_Handler	4	static,ignoring_inline_asm
